recast-KTLX20240315_000217_V06 1508842809
nexrad-crate-KTLX20240315_000217_V06 5899387657
go-nexrad-KTLX20240315_000217_V06 
rsl-KTLX20240315_000217_V06 1906204073
lrose-KTLX20240315_000217_V06 27498899558
recast-KILX20260418_013553_V06 2654008582
nexrad-crate-KILX20260418_013553_V06 11121701948
go-nexrad-KILX20260418_013553_V06 
rsl-KILX20260418_013553_V06 2251971921
lrose-KILX20260418_013553_V06 32632689875
recast-KTLX20130520_201643_V06.gz 585459776
nexrad-crate-KTLX20130520_201643_V06.gz 587813997
go-nexrad-KTLX20130520_201643_V06.gz 
rsl-KTLX20130520_201643_V06.gz 1278774373
lrose-KTLX20130520_201643_V06.gz 89847419
recast-KLIX20050829_130035.gz 278293088
nexrad-crate-KLIX20050829_130035.gz 320691221
go-nexrad-KLIX20050829_130035.gz 
rsl-KLIX20050829_130035.gz 543643980
lrose-KLIX20050829_130035.gz 82758006
