# paired-bzip2 one-thread run (fix4-paired-1t-linux.jsonl.gz)
built Fri Sep 25 15:06:06 UTC 2026 load 3.96 2.77 1.58
nr_throttled 2453
throttled_usec 713186296
done Fri Sep 25 15:27:59 UTC 2026 load 1.97 2.63 2.65
nr_throttled 2453
throttled_usec 713186296
# new benchmark cases (results-linux-fix4cases.jsonl.gz)
built Fri Sep 25 15:28:42 UTC 2026 load 2.04 2.57 2.63
nr_throttled 2453
throttled_usec 713186296
done Fri Sep 25 15:33:01 UTC 2026 load 1.08 1.83 2.31
nr_throttled 2506
throttled_usec 764729298
# relws peak RSS and A/B (fix4-rss-relws-linux.jsonl.gz, fix4-ab-relws-mt-linux.jsonl.gz)
start Fri Sep 25 12:00:23 UTC 2026 load 1.89 2.06 3.45
nr_throttled 2408
throttled_usec 712155492
built Fri Sep 25 12:01:37 UTC 2026 load 3.49 2.56 3.51
rss done Fri Sep 25 12:02:16 UTC 2026 load 4.23 2.88 3.57
done Fri Sep 25 12:03:03 UTC 2026 load 7.57 3.97 3.91
nr_throttled 2450
throttled_usec 713116490
