2026-09-25T00:02:23.6730135-07:00 83.7
2026-09-25T00:02:33.6916914-07:00 87.1
2026-09-25T00:02:44.1908147-07:00 91.0
2026-09-25T00:02:54.2146430-07:00 90.7
2026-09-25T00:03:04.2317864-07:00 80.3
2026-09-25T00:03:14.2451140-07:00 79.9
2026-09-25T00:03:24.2648578-07:00 89.6
2026-09-25T00:03:34.2794350-07:00 82.1
2026-09-25T00:03:44.3370008-07:00 82.3
2026-09-25T00:03:54.4461198-07:00 81.1
2026-09-25T00:04:04.4548574-07:00 69.2
2026-09-25T00:04:14.4723421-07:00 84.9
2026-09-25T00:04:24.5535887-07:00 98.7
2026-09-25T00:04:34.6249609-07:00 90.3
2026-09-25T00:04:44.6454318-07:00 82.0
2026-09-25T00:04:54.6525020-07:00 65.5
2026-09-25T00:05:04.6658732-07:00 63.2
2026-09-25T00:05:14.6761696-07:00 54.7
2026-09-25T00:05:24.6908290-07:00 65.7
2026-09-25T00:05:34.6983198-07:00 75.9
2026-09-25T00:05:44.9487793-07:00 71.2
2026-09-25T00:05:54.9682882-07:00 79.8
2026-09-25T00:06:04.9848074-07:00 89.7
2026-09-25T00:06:15.2469467-07:00 91.1
2026-09-25T00:06:25.2690929-07:00 92.2
2026-09-25T00:06:35.2877337-07:00 90.0
2026-09-25T00:06:45.3073855-07:00 90.2
2026-09-25T00:06:55.3227634-07:00 93.1
2026-09-25T00:07:05.3350702-07:00 91.8
2026-09-25T00:07:15.3485930-07:00 85.3
2026-09-25T00:07:25.3635694-07:00 76.4
2026-09-25T00:07:35.3756538-07:00 59.9
2026-09-25T00:07:45.5274794-07:00 53.5
2026-09-25T00:07:55.5449389-07:00 69.8
2026-09-25T00:08:05.5526490-07:00 72.3
2026-09-25T00:08:15.5667834-07:00 78.0
2026-09-25T00:08:25.5836953-07:00 78.5
2026-09-25T00:08:35.5898637-07:00 77.1
2026-09-25T00:08:45.6012445-07:00 88.8
2026-09-25T00:08:55.6186981-07:00 72.6
2026-09-25T00:09:05.6323229-07:00 68.2
2026-09-25T00:09:15.6388106-07:00 73.5
2026-09-25T00:09:25.6437182-07:00 74.0
2026-09-25T00:09:35.6483955-07:00 77.1
2026-09-25T00:09:45.6666327-07:00 82.3
2026-09-25T00:09:55.6798312-07:00 90.6
2026-09-25T00:10:05.6995681-07:00 88.4
2026-09-25T00:10:15.7106390-07:00 93.0
2026-09-25T00:10:25.7232236-07:00 86.5
2026-09-25T00:10:35.7490352-07:00 98.0
2026-09-25T00:10:45.7761186-07:00 99.1
2026-09-25T00:10:55.7983893-07:00 99.5
2026-09-25T00:11:05.8115803-07:00 100.0
2026-09-25T00:11:15.9132226-07:00 95.7
2026-09-25T00:11:25.9922082-07:00 97.0
2026-09-25T00:11:36.0320489-07:00 98.9
2026-09-25T00:11:46.0478595-07:00 97.9
2026-09-25T00:11:56.1060018-07:00 99.7
2026-09-25T00:12:06.1460404-07:00 95.5
2026-09-25T00:12:16.1891767-07:00 97.7
2026-09-25T00:12:26.2229954-07:00 93.6
2026-09-25T00:12:36.2844527-07:00 97.1
2026-09-25T00:12:46.3065113-07:00 97.3
2026-09-25T00:12:56.3313009-07:00 95.8
2026-09-25T00:13:06.3633224-07:00 97.6
2026-09-25T00:13:16.3856538-07:00 99.3
2026-09-25T00:13:26.4102664-07:00 96.2
2026-09-25T00:13:36.4293785-07:00 93.2
2026-09-25T00:13:46.4497883-07:00 93.9
2026-09-25T00:13:56.4715002-07:00 97.0
2026-09-25T00:14:06.5655200-07:00 98.9
2026-09-25T00:14:16.6278590-07:00 99.5
2026-09-25T00:14:26.6509015-07:00 97.9
2026-09-25T00:14:36.6823073-07:00 99.8
2026-09-25T00:14:46.7040714-07:00 99.9
2026-09-25T00:14:56.7276213-07:00 99.1
2026-09-25T00:15:06.7423615-07:00 98.7
2026-09-25T00:15:16.8098111-07:00 98.5
2026-09-25T00:15:26.8469287-07:00 95.4
2026-09-25T00:15:36.8692716-07:00 98.4
2026-09-25T00:15:47.1684064-07:00 98.7
2026-09-25T00:15:57.1815038-07:00 98.4
2026-09-25T00:16:07.2193635-07:00 93.0
2026-09-25T00:16:17.2393872-07:00 86.3
2026-09-25T00:16:27.2516966-07:00 96.9
2026-09-25T00:16:37.2663032-07:00 96.0
2026-09-25T00:16:47.2852175-07:00 91.0
2026-09-25T00:16:57.2961257-07:00 98.9
2026-09-25T00:17:07.3107151-07:00 100.0
2026-09-25T00:17:17.3365204-07:00 100.0
2026-09-25T00:17:27.3464649-07:00 96.7
2026-09-25T00:17:37.3611795-07:00 91.2
2026-09-25T00:17:47.3735102-07:00 91.2
2026-09-25T00:17:57.3801198-07:00 82.0
2026-09-25T00:18:07.4038644-07:00 91.7
2026-09-25T00:18:17.4168369-07:00 91.6
2026-09-25T00:18:27.4291384-07:00 87.2
2026-09-25T00:18:37.4393624-07:00 89.2
2026-09-25T00:18:47.4549018-07:00 86.5
2026-09-25T00:18:57.4755268-07:00 87.7
2026-09-25T00:19:07.4891586-07:00 97.9
2026-09-25T00:19:17.4995892-07:00 93.3
2026-09-25T00:19:27.5126043-07:00 94.9
2026-09-25T00:19:37.5283147-07:00 93.8
2026-09-25T00:19:47.5526460-07:00 97.5
2026-09-25T00:19:57.5992457-07:00 97.7
2026-09-25T00:20:07.6101215-07:00 99.1
2026-09-25T00:20:17.6393028-07:00 93.1
2026-09-25T00:20:27.6635619-07:00 90.8
2026-09-25T00:20:37.6774497-07:00 97.9
2026-09-25T00:20:47.8306708-07:00 98.2
2026-09-25T00:20:57.9308362-07:00 92.2
2026-09-25T00:21:07.9422098-07:00 91.3
2026-09-25T00:21:17.9525848-07:00 89.2
2026-09-25T00:21:27.9647808-07:00 88.4
2026-09-25T00:21:37.9810977-07:00 89.5
2026-09-25T00:21:48.0390501-07:00 93.9
2026-09-25T00:21:58.2961051-07:00 99.8
2026-09-25T00:22:08.5791912-07:00 98.7
2026-09-25T00:22:18.5839065-07:00 99.5
2026-09-25T00:22:28.6415544-07:00 98.5
2026-09-25T00:22:38.6877048-07:00 99.1
2026-09-25T00:22:48.7615208-07:00 95.5
2026-09-25T00:22:58.7830539-07:00 95.3
2026-09-25T00:23:08.7948868-07:00 97.7
2026-09-25T00:23:18.8057271-07:00 93.5
2026-09-25T00:23:28.8126395-07:00 98.8
2026-09-25T00:23:38.8607373-07:00 99.4
2026-09-25T00:23:48.8836524-07:00 99.1
2026-09-25T00:23:58.9050019-07:00 99.2
2026-09-25T00:24:08.9424096-07:00 99.7
2026-09-25T00:24:18.9565976-07:00 96.0
2026-09-25T00:24:28.9803755-07:00 99.6
2026-09-25T00:24:39.0333123-07:00 99.0
2026-09-25T00:24:49.1015405-07:00 100.0
2026-09-25T00:24:59.1442213-07:00 100.0
2026-09-25T00:25:09.2342153-07:00 99.8
2026-09-25T00:25:19.2748485-07:00 100.0
2026-09-25T00:25:29.3247205-07:00 100.0
2026-09-25T00:25:39.3504111-07:00 100.0
2026-09-25T00:25:49.3677606-07:00 100.0
2026-09-25T00:25:59.3847719-07:00 99.8
2026-09-25T00:26:09.4052104-07:00 98.1
2026-09-25T00:26:19.4154546-07:00 97.5
2026-09-25T00:26:29.4352789-07:00 97.5
2026-09-25T00:26:39.4480116-07:00 96.8
2026-09-25T00:26:49.4715576-07:00 99.6
2026-09-25T00:26:59.4812321-07:00 99.6
2026-09-25T00:27:09.4944768-07:00 94.9
2026-09-25T00:27:19.5149712-07:00 95.0
2026-09-25T00:27:29.5333955-07:00 99.4
2026-09-25T00:27:39.5722225-07:00 98.6
2026-09-25T00:27:49.5894807-07:00 98.4
2026-09-25T00:27:59.6061180-07:00 98.8
2026-09-25T00:28:09.6238115-07:00 98.5
2026-09-25T00:28:19.6371305-07:00 99.4
2026-09-25T00:28:29.6888386-07:00 98.4
2026-09-25T00:28:39.7114658-07:00 99.6
2026-09-25T00:28:49.7306981-07:00 98.4
2026-09-25T00:28:59.7552714-07:00 98.5
2026-09-25T00:29:09.7700350-07:00 94.3
2026-09-25T00:29:19.7912803-07:00 95.5
2026-09-25T00:29:29.8021084-07:00 96.5
2026-09-25T00:29:39.8415067-07:00 99.9
2026-09-25T00:29:49.9112758-07:00 99.9
2026-09-25T00:29:59.9269254-07:00 99.8
2026-09-25T00:30:09.9841739-07:00 99.8
2026-09-25T00:30:19.9962442-07:00 98.8
2026-09-25T00:30:30.0263894-07:00 98.7
2026-09-25T00:30:40.0394347-07:00 98.4
2026-09-25T00:30:50.0533351-07:00 97.6
2026-09-25T00:31:00.0731679-07:00 98.2
2026-09-25T00:31:10.0933904-07:00 99.0
2026-09-25T00:31:20.1136486-07:00 98.7
2026-09-25T00:31:30.1494116-07:00 99.3
2026-09-25T00:31:40.1766108-07:00 98.9
2026-09-25T00:31:50.1946043-07:00 99.8
2026-09-25T00:32:00.2482926-07:00 99.3
2026-09-25T00:32:10.2567346-07:00 99.8
2026-09-25T00:32:20.2913490-07:00 99.1
2026-09-25T00:32:30.3126061-07:00 99.2
2026-09-25T00:32:40.4948452-07:00 99.3
2026-09-25T00:32:50.6701036-07:00 99.9
2026-09-25T00:33:00.7056879-07:00 99.6
2026-09-25T00:33:10.7235413-07:00 100.0
2026-09-25T00:33:20.7399489-07:00 100.0
2026-09-25T00:33:30.7782083-07:00 99.8
2026-09-25T00:33:40.8031332-07:00 99.9
2026-09-25T00:33:50.8700213-07:00 99.9
2026-09-25T00:34:00.9048105-07:00 100.0
2026-09-25T00:34:11.1494581-07:00 99.8
2026-09-25T00:34:21.1761006-07:00 99.6
2026-09-25T00:34:31.3055282-07:00 99.7
2026-09-25T00:34:41.3205204-07:00 100.0
2026-09-25T00:34:51.4371264-07:00 100.0
2026-09-25T00:35:01.5318299-07:00 99.8
2026-09-25T00:35:11.6657979-07:00 98.3
2026-09-25T00:35:21.6778675-07:00 99.9
2026-09-25T00:35:31.6859964-07:00 99.3
2026-09-25T00:35:41.8010573-07:00 99.7
2026-09-25T00:35:51.8507578-07:00 100.0
2026-09-25T00:36:01.8887100-07:00 100.0
2026-09-25T00:36:11.9074781-07:00 100.0
2026-09-25T00:36:21.9203013-07:00 100.0
2026-09-25T00:36:31.9364018-07:00 99.9
2026-09-25T00:36:41.9787879-07:00 98.8
2026-09-25T00:36:51.9955018-07:00 99.3
2026-09-25T00:37:02.0916202-07:00 99.6
2026-09-25T00:37:12.1013573-07:00 100.0
2026-09-25T00:37:22.1138943-07:00 99.9
2026-09-25T00:37:32.3105159-07:00 99.1
2026-09-25T00:37:42.3305747-07:00 99.1
2026-09-25T00:37:52.3440680-07:00 99.7
2026-09-25T00:38:02.3599907-07:00 99.4
2026-09-25T00:38:12.3916098-07:00 99.4
2026-09-25T00:38:22.4472164-07:00 99.7
2026-09-25T00:38:32.4814051-07:00 100.0
2026-09-25T00:38:42.5020928-07:00 99.9
2026-09-25T00:38:52.5172069-07:00 99.5
2026-09-25T00:39:02.5486134-07:00 99.6
2026-09-25T00:39:12.6067360-07:00 99.9
2026-09-25T00:39:22.6635903-07:00 100.0
2026-09-25T00:39:32.6945457-07:00 99.0
2026-09-25T00:39:42.7442273-07:00 99.1
2026-09-25T00:39:52.7882686-07:00 99.3
2026-09-25T00:40:02.8388582-07:00 99.2
2026-09-25T00:40:12.8671324-07:00 97.0
2026-09-25T00:40:22.8868002-07:00 96.2
2026-09-25T00:40:32.9177484-07:00 94.8
2026-09-25T00:40:42.9327793-07:00 93.4
2026-09-25T00:40:52.9592753-07:00 95.9
2026-09-25T00:41:02.9801114-07:00 91.9
2026-09-25T00:41:12.9915447-07:00 98.1
2026-09-25T00:41:23.0054550-07:00 94.4
2026-09-25T00:41:33.0641104-07:00 99.0
2026-09-25T00:41:43.0942855-07:00 99.9
2026-09-25T00:41:53.2471446-07:00 99.4
2026-09-25T00:42:03.2765159-07:00 100.0
2026-09-25T00:42:13.3698032-07:00 100.0
2026-09-25T00:42:23.4114671-07:00 100.0
2026-09-25T00:42:33.4243968-07:00 99.8
2026-09-25T00:42:43.4316876-07:00 100.0
2026-09-25T00:42:53.9923906-07:00 100.0
2026-09-25T00:43:04.0938867-07:00 100.0
2026-09-25T00:43:14.1314934-07:00 98.7
2026-09-25T00:43:24.1540889-07:00 97.8
2026-09-25T00:43:34.1734825-07:00 99.6
2026-09-25T00:43:44.1927763-07:00 95.6
2026-09-25T00:43:54.2120317-07:00 91.3
2026-09-25T00:44:04.2405444-07:00 93.0
2026-09-25T00:44:14.2802157-07:00 99.4
2026-09-25T00:44:24.3645768-07:00 99.6
2026-09-25T00:44:34.4055813-07:00 99.6
2026-09-25T00:44:44.4405040-07:00 99.9
2026-09-25T00:44:54.4669947-07:00 100.0
2026-09-25T00:45:04.4788993-07:00 98.1
2026-09-25T00:45:14.4852637-07:00 95.8
2026-09-25T00:45:24.5087586-07:00 99.6
2026-09-25T00:45:34.5180150-07:00 99.6
2026-09-25T00:45:44.5410384-07:00 100.0
2026-09-25T00:45:54.5613301-07:00 99.6
2026-09-25T00:46:04.6076135-07:00 99.4
2026-09-25T00:46:14.6332727-07:00 96.8
2026-09-25T00:46:24.6473291-07:00 99.6
2026-09-25T00:46:34.7841050-07:00 99.9
2026-09-25T00:46:44.7944902-07:00 98.8
2026-09-25T00:46:54.8123786-07:00 95.3
2026-09-25T00:47:04.8286170-07:00 95.0
2026-09-25T00:47:14.8345294-07:00 95.5
2026-09-25T00:47:24.8436546-07:00 86.7
2026-09-25T00:47:35.5881316-07:00 88.7
2026-09-25T00:47:45.6119616-07:00 96.7
2026-09-25T00:47:55.6213500-07:00 96.0
2026-09-25T00:48:05.6369379-07:00 93.2
2026-09-25T00:48:15.6498077-07:00 93.6
2026-09-25T00:48:25.6708048-07:00 97.9
2026-09-25T00:48:35.7000120-07:00 99.5
2026-09-25T00:48:45.7514325-07:00 95.4
2026-09-25T00:48:55.7717025-07:00 99.0
2026-09-25T00:49:05.8392375-07:00 98.8
2026-09-25T00:49:15.8441844-07:00 96.6
2026-09-25T00:49:25.8949853-07:00 98.0
2026-09-25T00:49:35.9247525-07:00 99.4
2026-09-25T00:49:45.9833308-07:00 96.0
2026-09-25T00:49:56.0097331-07:00 99.5
2026-09-25T00:50:06.0207001-07:00 97.6
2026-09-25T00:50:16.0396828-07:00 92.5
2026-09-25T00:50:26.0697282-07:00 99.4
2026-09-25T00:50:36.1002550-07:00 99.5
2026-09-25T00:50:46.1298289-07:00 99.4
2026-09-25T00:50:56.1445284-07:00 95.8
2026-09-25T00:51:06.1654575-07:00 97.4
2026-09-25T00:51:16.1833117-07:00 93.8
2026-09-25T00:51:26.2012357-07:00 97.9
2026-09-25T00:51:36.2304865-07:00 92.4
2026-09-25T00:51:46.2381705-07:00 91.6
2026-09-25T00:51:56.2792906-07:00 94.1
2026-09-25T00:52:06.2975411-07:00 94.3
2026-09-25T00:52:16.3059615-07:00 91.4
2026-09-25T00:52:26.3518236-07:00 90.7
2026-09-25T00:52:36.3598046-07:00 97.2
2026-09-25T00:52:46.3757333-07:00 92.6
2026-09-25T00:52:56.3905083-07:00 94.0
2026-09-25T00:53:06.3940897-07:00 93.3
2026-09-25T00:53:16.4185029-07:00 93.8
2026-09-25T00:53:26.4369024-07:00 92.9
2026-09-25T00:53:36.4468249-07:00 88.6
2026-09-25T00:53:46.4663816-07:00 88.8
2026-09-25T00:53:56.4848938-07:00 87.3
2026-09-25T00:54:06.4951650-07:00 86.9
2026-09-25T00:54:16.5201758-07:00 93.1
2026-09-25T00:54:26.5492198-07:00 92.0
2026-09-25T00:54:36.6023634-07:00 95.8
2026-09-25T00:54:46.6231645-07:00 90.9
2026-09-25T00:54:56.6329053-07:00 80.3
2026-09-25T00:55:06.6520851-07:00 72.9
2026-09-25T00:55:16.6737080-07:00 72.0
2026-09-25T00:55:26.6924118-07:00 82.8
2026-09-25T00:55:36.6997689-07:00 86.1
2026-09-25T00:55:46.7134318-07:00 90.4
2026-09-25T00:55:56.7279456-07:00 88.8
2026-09-25T00:56:06.7344723-07:00 74.1
2026-09-25T00:56:16.7498874-07:00 72.0
2026-09-25T00:56:26.7645015-07:00 91.4
2026-09-25T00:56:36.7734712-07:00 89.0
2026-09-25T00:56:46.7898879-07:00 84.7
2026-09-25T00:56:57.3032479-07:00 92.4
2026-09-25T00:57:07.3225342-07:00 90.3
2026-09-25T00:57:17.3309632-07:00 93.5
2026-09-25T00:57:27.3472336-07:00 98.1
2026-09-25T00:57:37.3648370-07:00 95.4
2026-09-25T00:57:47.3777723-07:00 95.9
2026-09-25T00:57:57.5387328-07:00 96.0
2026-09-25T00:58:07.5537661-07:00 97.9
2026-09-25T00:58:17.5692709-07:00 95.2
2026-09-25T00:58:27.5966401-07:00 94.1
2026-09-25T00:58:37.6091120-07:00 99.2
2026-09-25T00:58:47.6163026-07:00 99.6
2026-09-25T00:58:57.6362083-07:00 99.8
2026-09-25T00:59:07.6526669-07:00 100.0
2026-09-25T00:59:17.6777488-07:00 100.0
2026-09-25T00:59:27.6919149-07:00 98.4
2026-09-25T00:59:37.7209432-07:00 94.8
2026-09-25T00:59:47.7528026-07:00 98.6
2026-09-25T00:59:57.7783234-07:00 96.4
2026-09-25T01:00:07.7925220-07:00 97.8
2026-09-25T01:00:17.8101865-07:00 96.0
2026-09-25T01:00:27.8245358-07:00 94.7
2026-09-25T01:00:37.8375962-07:00 94.1
2026-09-25T01:00:47.8497534-07:00 98.4
2026-09-25T01:00:57.8688864-07:00 96.9
2026-09-25T01:01:07.8989935-07:00 94.6
2026-09-25T01:01:18.0329224-07:00 97.3
2026-09-25T01:01:28.0581264-07:00 95.1
2026-09-25T01:01:38.0756450-07:00 94.3
2026-09-25T01:01:48.2261222-07:00 99.1
2026-09-25T01:01:58.2590577-07:00 98.8
2026-09-25T01:02:08.2766731-07:00 99.6
2026-09-25T01:02:18.2853031-07:00 97.1
2026-09-25T01:02:28.3158878-07:00 98.6
2026-09-25T01:02:38.3337675-07:00 99.5
2026-09-25T01:02:48.3638616-07:00 100.0
2026-09-25T01:02:58.5270594-07:00 99.6
2026-09-25T01:03:08.6797990-07:00 99.4
2026-09-25T01:03:19.0993237-07:00 99.0
2026-09-25T01:03:29.1255349-07:00 99.5
2026-09-25T01:03:39.1495064-07:00 99.8
2026-09-25T01:03:49.1627837-07:00 99.5
2026-09-25T01:03:59.1808662-07:00 98.6
2026-09-25T01:04:09.2195389-07:00 99.3
2026-09-25T01:04:19.2513323-07:00 99.9
2026-09-25T01:04:29.2862214-07:00 97.8
2026-09-25T01:04:39.2923777-07:00 99.8
2026-09-25T01:04:49.3103392-07:00 99.9
2026-09-25T01:04:59.3501521-07:00 98.6
2026-09-25T01:05:09.3852050-07:00 98.4
2026-09-25T01:05:19.4010515-07:00 99.9
2026-09-25T01:05:29.5907397-07:00 99.9
2026-09-25T01:05:39.6393658-07:00 100.0
2026-09-25T01:05:49.6923071-07:00 99.9
2026-09-25T01:05:59.7450727-07:00 100.0
2026-09-25T01:06:09.9493735-07:00 99.9
2026-09-25T01:06:19.9916587-07:00 100.0
2026-09-25T01:06:30.1446137-07:00 100.0
2026-09-25T01:06:40.7509811-07:00 100.0
2026-09-25T01:06:50.8702112-07:00 98.6
2026-09-25T01:07:05.5794052-07:00 99.8
2026-09-25T01:07:15.8184767-07:00 99.9
2026-09-25T01:07:25.8710785-07:00 100.0
2026-09-25T01:07:35.9828353-07:00 99.7
2026-09-25T01:07:46.1645815-07:00 97.9
2026-09-25T01:07:57.0269639-07:00 97.1
2026-09-25T01:08:07.2967278-07:00 98.9
2026-09-25T01:08:17.3325622-07:00 98.9
2026-09-25T01:08:27.3560663-07:00 99.4
2026-09-25T01:08:37.3797543-07:00 98.4
2026-09-25T01:08:47.4450290-07:00 99.4
2026-09-25T01:08:57.5118146-07:00 99.1
2026-09-25T01:09:07.5560973-07:00 99.5
2026-09-25T01:09:17.5783781-07:00 95.6
2026-09-25T01:09:27.5999216-07:00 98.4
2026-09-25T01:09:37.6888682-07:00 96.4
2026-09-25T01:09:47.7432033-07:00 98.7
2026-09-25T01:09:57.7595069-07:00 99.0
2026-09-25T01:10:07.7726158-07:00 97.7
2026-09-25T01:10:17.7868954-07:00 92.0
2026-09-25T01:10:27.8052890-07:00 94.6
2026-09-25T01:10:37.8215213-07:00 89.9
2026-09-25T01:10:47.8363895-07:00 93.2
2026-09-25T01:10:57.8679294-07:00 92.8
2026-09-25T01:11:07.8846972-07:00 87.1
2026-09-25T01:11:17.9056882-07:00 93.9
2026-09-25T01:11:27.9220261-07:00 94.8
2026-09-25T01:11:37.9330286-07:00 89.2
2026-09-25T01:11:47.9627481-07:00 93.7
2026-09-25T01:11:58.0177957-07:00 93.8
2026-09-25T01:12:08.0354625-07:00 74.9
2026-09-25T01:12:18.0413307-07:00 78.2
2026-09-25T01:12:28.0540877-07:00 72.5
2026-09-25T01:12:38.0817369-07:00 90.7
2026-09-25T01:12:48.1048459-07:00 96.7
2026-09-25T01:12:58.1126685-07:00 92.0
2026-09-25T01:13:08.1226327-07:00 90.7
2026-09-25T01:13:18.1355560-07:00 99.6
2026-09-25T01:13:28.2231351-07:00 92.4
2026-09-25T01:13:38.2452122-07:00 86.9
2026-09-25T01:13:48.9299260-07:00 100.0
2026-09-25T01:13:59.6451149-07:00 99.6
2026-09-25T01:14:09.6678388-07:00 98.8
2026-09-25T01:14:19.9070914-07:00 99.8
2026-09-25T01:14:29.9442626-07:00 99.9
2026-09-25T01:14:40.1496283-07:00 100.0
2026-09-25T01:14:50.1626277-07:00 99.7
2026-09-25T01:15:00.1905529-07:00 99.6
2026-09-25T01:15:10.2258537-07:00 99.4
2026-09-25T01:15:20.2336264-07:00 94.4
2026-09-25T01:15:30.2466985-07:00 88.7
2026-09-25T01:15:40.2560897-07:00 91.2
2026-09-25T01:15:50.2852514-07:00 96.9
2026-09-25T01:16:00.3072121-07:00 100.0
2026-09-25T01:16:10.3367700-07:00 100.0
2026-09-25T01:16:20.3813815-07:00 99.2
2026-09-25T01:16:30.3900888-07:00 94.8
2026-09-25T01:16:40.3991994-07:00 95.7
2026-09-25T01:16:51.1206787-07:00 100.0
2026-09-25T01:17:01.3092483-07:00 99.8
2026-09-25T01:17:11.5607442-07:00 98.9
2026-09-25T01:17:21.7355197-07:00 100.0
2026-09-25T01:17:32.2859273-07:00 100.0
2026-09-25T01:17:42.4179438-07:00 100.0
2026-09-25T01:17:52.5039656-07:00 100.0
2026-09-25T01:18:03.1702664-07:00 100.0
2026-09-25T01:18:13.2580370-07:00 100.0
2026-09-25T01:18:23.3684505-07:00 100.0
2026-09-25T01:18:33.4137635-07:00 100.0
2026-09-25T01:18:43.6306766-07:00 100.0
2026-09-25T01:19:00.1168134-07:00 100.0
2026-09-25T01:19:20.2109803-07:00 100.0
2026-09-25T01:19:30.2789413-07:00 100.0
2026-09-25T01:19:40.2931745-07:00 100.0
2026-09-25T01:19:50.3487884-07:00 99.1
2026-09-25T01:20:00.3920407-07:00 98.9
2026-09-25T01:20:10.4093912-07:00 98.9
2026-09-25T01:20:20.4246572-07:00 98.8
2026-09-25T01:20:30.4317009-07:00 99.9
2026-09-25T01:20:40.5269855-07:00 99.9
2026-09-25T01:20:50.8448735-07:00 100.0
2026-09-25T01:21:00.8929237-07:00 100.0
2026-09-25T01:21:11.4329037-07:00 100.0
2026-09-25T01:21:21.4545749-07:00 99.4
2026-09-25T01:21:31.4805530-07:00 100.0
2026-09-25T01:21:41.5001818-07:00 97.4
2026-09-25T01:21:51.5771894-07:00 99.6
2026-09-25T01:22:01.7250425-07:00 99.3
2026-09-25T01:22:11.8043343-07:00 99.8
2026-09-25T01:22:21.8189617-07:00 99.8
2026-09-25T01:22:31.8493904-07:00 99.5
2026-09-25T01:22:41.8589371-07:00 99.6
2026-09-25T01:22:51.8761417-07:00 99.2
2026-09-25T01:23:01.8983970-07:00 99.8
2026-09-25T01:23:11.9195717-07:00 99.9
2026-09-25T01:23:21.9377908-07:00 99.3
2026-09-25T01:23:31.9547225-07:00 98.0
2026-09-25T01:23:42.7492854-07:00 95.9
2026-09-25T01:23:53.0099661-07:00 100.0
2026-09-25T01:24:04.0265099-07:00 100.0
2026-09-25T01:24:14.7379524-07:00 99.9
2026-09-25T01:24:24.7548212-07:00 99.3
2026-09-25T01:24:34.7627293-07:00 99.0
2026-09-25T01:24:44.7704279-07:00 98.4
2026-09-25T01:24:54.7826610-07:00 98.8
2026-09-25T01:25:04.8555504-07:00 99.6
2026-09-25T01:25:14.9231640-07:00 100.0
2026-09-25T01:25:24.9917225-07:00 100.0
2026-09-25T01:25:35.0559087-07:00 100.0
2026-09-25T01:25:45.5721457-07:00 100.0
2026-09-25T01:25:55.6320892-07:00 100.0
2026-09-25T01:26:05.7366202-07:00 100.0
2026-09-25T01:26:15.7663166-07:00 99.9
2026-09-25T01:26:25.7865968-07:00 99.3
2026-09-25T01:26:35.8117265-07:00 99.4
2026-09-25T01:26:45.8309606-07:00 97.6
2026-09-25T01:26:55.8371182-07:00 91.6
2026-09-25T01:27:05.8542686-07:00 93.7
2026-09-25T01:27:15.8803111-07:00 96.0
2026-09-25T01:27:25.8964521-07:00 99.9
2026-09-25T01:27:35.9765848-07:00 99.4
2026-09-25T01:27:46.0094471-07:00 99.8
2026-09-25T01:27:56.0618600-07:00 96.9
2026-09-25T01:28:06.0713954-07:00 91.1
2026-09-25T01:28:16.1043206-07:00 97.5
2026-09-25T01:28:26.2473934-07:00 100.0
2026-09-25T01:28:36.3383046-07:00 100.0
2026-09-25T01:28:46.4448431-07:00 100.0
2026-09-25T01:28:56.4718653-07:00 99.9
2026-09-25T01:29:06.6841390-07:00 100.0
2026-09-25T01:29:16.7067104-07:00 100.0
2026-09-25T01:29:26.7301077-07:00 99.1
2026-09-25T01:29:36.7589556-07:00 99.6
2026-09-25T01:29:46.8121178-07:00 99.4
2026-09-25T01:29:56.8641023-07:00 97.6
2026-09-25T01:30:06.9675564-07:00 99.5
2026-09-25T01:30:17.2679285-07:00 99.6
2026-09-25T01:30:27.3823617-07:00 99.7
2026-09-25T01:30:38.2730228-07:00 100.0
2026-09-25T01:30:48.4949663-07:00 99.3
2026-09-25T01:30:59.0317614-07:00 100.0
2026-09-25T01:31:09.0557619-07:00 99.7
2026-09-25T01:31:19.0723833-07:00 100.0
2026-09-25T01:31:29.1417805-07:00 100.0
2026-09-25T01:31:39.2175534-07:00 99.0
2026-09-25T01:31:49.2356482-07:00 99.7
2026-09-25T01:31:59.2745818-07:00 99.4
2026-09-25T01:32:09.3345426-07:00 100.0
2026-09-25T01:32:19.3741332-07:00 100.0
2026-09-25T01:32:29.4098033-07:00 99.8
2026-09-25T01:32:39.4517210-07:00 97.6
2026-09-25T01:32:49.4655736-07:00 94.2
2026-09-25T01:32:59.4833607-07:00 97.6
2026-09-25T01:33:09.5035441-07:00 98.7
2026-09-25T01:33:19.5429746-07:00 100.0
2026-09-25T01:33:29.5605402-07:00 99.5
2026-09-25T01:33:39.5792826-07:00 100.0
2026-09-25T01:33:49.5991698-07:00 98.7
2026-09-25T01:33:59.6088770-07:00 99.5
2026-09-25T01:34:09.6425345-07:00 99.6
2026-09-25T01:34:19.9385644-07:00 100.0
2026-09-25T01:34:30.5673393-07:00 100.0
2026-09-25T01:34:40.6639662-07:00 100.0
2026-09-25T01:34:50.7054410-07:00 100.0
2026-09-25T01:35:00.7699864-07:00 97.6
2026-09-25T01:35:10.7868641-07:00 97.6
2026-09-25T01:35:20.8081963-07:00 99.8
2026-09-25T01:35:30.8167318-07:00 98.4
2026-09-25T01:35:40.8379659-07:00 100.0
2026-09-25T01:35:50.8925699-07:00 99.0
2026-09-25T01:36:00.9101483-07:00 98.1
2026-09-25T01:36:10.9384937-07:00 98.1
2026-09-25T01:36:20.9814351-07:00 98.6
2026-09-25T01:36:30.9943822-07:00 94.2
2026-09-25T01:36:41.0076567-07:00 95.2
2026-09-25T01:36:51.0929201-07:00 96.8
2026-09-25T01:37:01.1245824-07:00 93.8
2026-09-25T01:37:11.1386618-07:00 88.3
2026-09-25T01:37:21.1533534-07:00 92.2
2026-09-25T01:37:31.1679191-07:00 77.9
2026-09-25T01:37:41.1737390-07:00 82.9
2026-09-25T01:37:51.1936223-07:00 81.6
2026-09-25T01:38:01.2002579-07:00 79.4
2026-09-25T01:38:11.2162673-07:00 77.7
2026-09-25T01:38:21.2353144-07:00 86.7
2026-09-25T01:38:31.2451447-07:00 72.3
2026-09-25T01:38:41.2518726-07:00 65.3
2026-09-25T01:38:51.2589464-07:00 72.4
2026-09-25T01:39:01.2757329-07:00 89.0
2026-09-25T01:39:11.2871189-07:00 86.4
2026-09-25T01:39:21.2974932-07:00 77.4
2026-09-25T01:39:31.3059274-07:00 62.1
2026-09-25T01:39:41.3139849-07:00 63.7
2026-09-25T01:39:51.3231679-07:00 63.3
2026-09-25T01:40:01.6115581-07:00 67.3
2026-09-25T01:40:11.6293403-07:00 64.8
2026-09-25T01:40:21.6438154-07:00 65.1
2026-09-25T01:40:31.6587474-07:00 65.8
2026-09-25T01:40:41.6725170-07:00 70.8
2026-09-25T01:40:51.6778464-07:00 85.8
2026-09-25T01:41:01.6896323-07:00 82.9
2026-09-25T01:41:11.7049567-07:00 76.2
2026-09-25T01:41:21.7108138-07:00 89.1
2026-09-25T01:41:31.7205311-07:00 63.3
2026-09-25T01:41:41.7296460-07:00 59.4
2026-09-25T01:41:51.7333263-07:00 64.8
2026-09-25T01:42:01.7382115-07:00 66.2
2026-09-25T01:42:11.7515301-07:00 85.6
2026-09-25T01:42:21.7591088-07:00 85.3
2026-09-25T01:42:31.7780080-07:00 77.6
2026-09-25T01:42:41.7895363-07:00 73.9
2026-09-25T01:42:51.8006686-07:00 74.5
2026-09-25T01:43:01.8071120-07:00 75.4
2026-09-25T01:43:11.8255618-07:00 79.0
2026-09-25T01:43:21.8387619-07:00 77.3
2026-09-25T01:43:31.8512840-07:00 85.1
2026-09-25T01:43:41.8670321-07:00 82.2
2026-09-25T01:43:51.8798440-07:00 78.1
2026-09-25T01:44:01.8937142-07:00 71.4
2026-09-25T01:44:11.9034298-07:00 60.4
2026-09-25T01:44:21.9198658-07:00 75.0
2026-09-25T01:44:31.9272732-07:00 80.9
2026-09-25T01:44:41.9319616-07:00 82.9
