floor: 1280 1280 1024 
Fri Sep 25 03:31:30 UTC 2026
r0 rss-1thread  KTLX20240315_000217_V06                  recast         679.48 rss=97536
r0 rss-default  KTLX20240315_000217_V06                  recast         308.517 rss=207360
r0 rss-1thread  KTLX20240315_000217_V06                  recast-f32     790.365 rss=97792
r0 rss-default  KTLX20240315_000217_V06                  recast-f32     546.428 rss=207360
r0 rss-1thread  KTLX20240315_000217_V06                  recast-paired  1209.759 rss=102400
r0 rss-default  KTLX20240315_000217_V06                  recast-paired  445.267 rss=236292
r0 rss-1thread  KTLX20240315_000217_V06                  nexrad-crate   1785.182 rss=103600
r0 rss-default  KTLX20240315_000217_V06                  nexrad-crate   475.242 rss=182984
r0 rss-1thread  KTLX20240315_000217_V06                  go-nexrad      2775.378608 rss=186368
r0 rss-1thread  KTLX20240315_000217_V06                  rsl            2324.107 rss=107776
r0 rss-1thread  KTLX20240315_000217_V06                  lrose          7079.6 rss=390296
r0 rss-1thread  KTLX20240315_000217_V06                  radrs          2559.844 rss=564940
r0 rss-1thread  KTLX20240315_000217_V06                  pyart          8695.393 rss=1166632
r0 rss-1thread  KTLX20240315_000217_V06                  metpy          3132.949 rss=834740
r0 rss-1thread  KTLX20240315_000217_V06                  xradar         8287.533 rss=1012396
r0 pinned-mem   KTLX20240315_000217_V06                  recast         795.526 rss=176272
r0 pinned-mem   KTLX20240315_000217_V06                  recast-f32     1298.675 rss=176276
r0 pinned-mem   KTLX20240315_000217_V06                  recast-paired  1307.137 rss=180888
r0 pinned-mem   KTLX20240315_000217_V06                  nexrad-crate   1960.151 rss=189136
r0 pinned-mem   KTLX20240315_000217_V06                  go-nexrad      3665.192506 rss=246048
r0 pinned-mem   KTLX20240315_000217_V06                  rsl            2903.679 rss=107828
r0 pinned-mem   KTLX20240315_000217_V06                  lrose          5080.751 rss=403028
r0 pinned-mem   KTLX20240315_000217_V06                  radrs          1718.555 rss=670560
r0 pinned-mem   KTLX20240315_000217_V06                  pyart          3347.08 rss=1187064
r0 pinned-mem   KTLX20240315_000217_V06                  metpy          3312.075 rss=835000
r0 pinned-mem   KTLX20240315_000217_V06                  xradar         7093.009 rss=1755016
r0 multi-mem    KTLX20240315_000217_V06                  recast         109.928 rss=424348
r0 multi-mem    KTLX20240315_000217_V06                  recast-f32     111.031 rss=426128
r0 multi-mem    KTLX20240315_000217_V06                  recast-paired  133.484 rss=509756
r0 multi-mem    KTLX20240315_000217_V06                  nexrad-crate   133.156 rss=389348
r0 multi-mem    KTLX20240315_000217_V06                  go-nexrad      2073.659585 rss=223480
r0 multi-mem    KTLX20240315_000217_V06                  rsl            1886.129 rss=106752
r0 multi-mem    KTLX20240315_000217_V06                  lrose          4879.6 rss=402636
r0 multi-mem    KTLX20240315_000217_V06                  radrs          651.979 rss=890368
r0 multi-mem    KTLX20240315_000217_V06                  pyart          4802.408 rss=1167256
r0 multi-mem    KTLX20240315_000217_V06                  metpy          3859.226 rss=835196
r0 multi-mem    KTLX20240315_000217_V06                  xradar         6522.877 rss=1754776
r0 rss-1thread  KILX20260418_013553_V06                  recast         3818.321 rss=113664
r0 rss-default  KILX20260418_013553_V06                  recast         370.07 rss=278016
r0 rss-1thread  KILX20260418_013553_V06                  recast-f32     3049.403 rss=113664
r0 rss-default  KILX20260418_013553_V06                  recast-f32     494.934 rss=276224
r0 rss-1thread  KILX20260418_013553_V06                  recast-paired  1660.378 rss=119296
r0 rss-default  KILX20260418_013553_V06                  recast-paired  304.819 rss=341252
r0 rss-1thread  KILX20260418_013553_V06                  nexrad-crate   3522.199 rss=119424
r0 rss-default  KILX20260418_013553_V06                  nexrad-crate   416.487 rss=215084
r0 rss-1thread  KILX20260418_013553_V06                  go-nexrad      5589.373542 rss=222720
r0 rss-1thread  KILX20260418_013553_V06                  rsl            5375.378 rss=112896
r0 rss-1thread  KILX20260418_013553_V06                  lrose          10649.783 rss=403640
r0 rss-1thread  KILX20260418_013553_V06                  radrs          5323.044 rss=590360
r0 rss-1thread  KILX20260418_013553_V06                  pyart          8243.171 rss=1252832
r0 rss-1thread  KILX20260418_013553_V06                  metpy          9581.003 rss=861512
r0 rss-1thread  KILX20260418_013553_V06                  xradar         20329.144 rss=1067700
r0 pinned-mem   KILX20260418_013553_V06                  recast         3185.285 rss=194916
r0 pinned-mem   KILX20260418_013553_V06                  recast-f32     2913.104 rss=194996
r0 pinned-mem   KILX20260418_013553_V06                  recast-paired  2471.163 rss=200652
r0 pinned-mem   KILX20260418_013553_V06                  nexrad-crate   3888.923 rss=208488
r0 pinned-mem   KILX20260418_013553_V06                  go-nexrad      5156.544782 rss=280380
r0 pinned-mem   KILX20260418_013553_V06                  rsl            5848.747 rss=112896
r0 pinned-mem   KILX20260418_013553_V06                  lrose          10365.041 rss=419164
r0 pinned-mem   KILX20260418_013553_V06                  radrs          5567.106 rss=784176
r0 pinned-mem   KILX20260418_013553_V06                  pyart          11197.76 rss=1252380
r0 pinned-mem   KILX20260418_013553_V06                  metpy          6936.264 rss=861304
r0 pinned-mem   KILX20260418_013553_V06                  xradar         15841.851 rss=1841272
r0 multi-mem    KILX20260418_013553_V06                  recast         308.659 rss=497252
r0 multi-mem    KILX20260418_013553_V06                  recast-f32     457.394 rss=495768
r0 multi-mem    KILX20260418_013553_V06                  recast-paired  341.88 rss=627420
r0 multi-mem    KILX20260418_013553_V06                  nexrad-crate   324.018 rss=414912
r0 multi-mem    KILX20260418_013553_V06                  go-nexrad      5592.409328 rss=272172
r0 multi-mem    KILX20260418_013553_V06                  rsl            5313.881 rss=113152
r0 multi-mem    KILX20260418_013553_V06                  lrose          10006.336 rss=419412
r0 multi-mem    KILX20260418_013553_V06                  radrs          1000.253 rss=986260
r0 multi-mem    KILX20260418_013553_V06                  pyart          10806.878 rss=1253148
r0 multi-mem    KILX20260418_013553_V06                  metpy          5911.992 rss=861816
r0 multi-mem    KILX20260418_013553_V06                  xradar         12708.555 rss=1840212
r0 rss-1thread  KTLX20130520_201643_V06.gz               recast         103.53 rss=55040
r0 rss-default  KTLX20130520_201643_V06.gz               recast         105.619 rss=55040
r0 rss-1thread  KTLX20130520_201643_V06.gz               recast-f32     139.183 rss=55040
r0 rss-default  KTLX20130520_201643_V06.gz               recast-f32     139.095 rss=55040
r0 rss-1thread  KTLX20130520_201643_V06.gz               nexrad-crate   272.785 rss=137348
r0 rss-default  KTLX20130520_201643_V06.gz               nexrad-crate   323.833 rss=137852
r0 rss-1thread  KTLX20130520_201643_V06.gz               go-nexrad      359.436378 rss=140416
r0 rss-1thread  KTLX20130520_201643_V06.gz               rsl            633.162 rss=77568
r0 rss-1thread  KTLX20130520_201643_V06.gz               lrose            File format not recognized: data/KTLX20130520_201643_V06.gz rss=None
r0 rss-1thread  KTLX20130520_201643_V06.gz               radrs          ValueError: NEXRAD data error: gzip-compressed volume file must be decompressed before accessing records rss=None
r0 rss-1thread  KTLX20130520_201643_V06.gz               pyart          1718.607 rss=803132
r0 rss-1thread  KTLX20130520_201643_V06.gz               metpy          1923.076 rss=568932
r0 rss-1thread  KTLX20130520_201643_V06.gz               xradar         TypeError: unsupported operand type(s) for +: 'NoneType' and 'int' rss=None
r0 pinned-mem   KTLX20130520_201643_V06.gz               recast         68.974 rss=96624
r0 pinned-mem   KTLX20130520_201643_V06.gz               recast-f32     73.933 rss=96880
r0 pinned-mem   KTLX20130520_201643_V06.gz               nexrad-crate   162.949 rss=189016
r0 pinned-mem   KTLX20130520_201643_V06.gz               go-nexrad      373.910867 rss=210032
r0 pinned-mem   KTLX20130520_201643_V06.gz               rsl            495.659 rss=77600
r0 pinned-mem   KTLX20130520_201643_V06.gz               lrose            File format not recognized: data/KTLX20130520_201643_V06.gz rss=None
r0 pinned-mem   KTLX20130520_201643_V06.gz               radrs          ValueError: NEXRAD data error: gzip-compressed volume file must be decompressed before accessing records rss=None
r0 pinned-mem   KTLX20130520_201643_V06.gz               pyart          1466.547 rss=802636
r0 pinned-mem   KTLX20130520_201643_V06.gz               metpy          1692.996 rss=569004
r0 pinned-mem   KTLX20130520_201643_V06.gz               xradar         TypeError: unsupported operand type(s) for +: 'NoneType' and 'int' rss=None
r0 multi-mem    KTLX20130520_201643_V06.gz               recast         93.29 rss=96612
r0 multi-mem    KTLX20130520_201643_V06.gz               recast-f32     82.63 rss=96868
r0 multi-mem    KTLX20130520_201643_V06.gz               nexrad-crate   183.716 rss=189388
r0 multi-mem    KTLX20130520_201643_V06.gz               go-nexrad      427.687059 rss=219840
r0 multi-mem    KTLX20130520_201643_V06.gz               rsl            427.675 rss=77360
r0 multi-mem    KTLX20130520_201643_V06.gz               lrose            File format not recognized: data/KTLX20130520_201643_V06.gz rss=None
r0 multi-mem    KTLX20130520_201643_V06.gz               radrs          ValueError: NEXRAD data error: gzip-compressed volume file must be decompressed before accessing records rss=None
r0 multi-mem    KTLX20130520_201643_V06.gz               pyart          1569.371 rss=818244
r0 multi-mem    KTLX20130520_201643_V06.gz               metpy          1592.891 rss=569044
r0 multi-mem    KTLX20130520_201643_V06.gz               xradar         TypeError: unsupported operand type(s) for +: 'NoneType' and 'int' rss=None
r0 rss-1thread  KLIX20050829_130035.gz                   recast         40.244 rss=19200
r0 rss-default  KLIX20050829_130035.gz                   recast         54.645 rss=19456
r0 rss-1thread  KLIX20050829_130035.gz                   recast-f32     91.189 rss=19200
r0 rss-default  KLIX20050829_130035.gz                   recast-f32     62.721 rss=19200
r0 rss-1thread  KLIX20050829_130035.gz                   nexrad-crate   98.456 rss=39324
r0 rss-default  KLIX20050829_130035.gz                   nexrad-crate   100.055 rss=39736
r0 rss-1thread  KLIX20050829_130035.gz                   rsl            402.681 rss=27136
r0 rss-1thread  KLIX20050829_130035.gz                   lrose            File format not recognized: data/KLIX20050829_130035.gz rss=None
r0 rss-1thread  KLIX20050829_130035.gz                   pyart          1483.695 rss=478652
r0 rss-1thread  KLIX20050829_130035.gz                   metpy          IndexError: tuple index out of range rss=None
r0 rss-1thread  KLIX20050829_130035.gz                   xradar         TypeError: unsupported operand type(s) for +: 'NoneType' and 'int' rss=None
r0 pinned-mem   KLIX20050829_130035.gz                   recast         74.659 rss=33048
r0 pinned-mem   KLIX20050829_130035.gz                   recast-f32     75.067 rss=33312
r0 pinned-mem   KLIX20050829_130035.gz                   nexrad-crate   107.798 rss=42608
r0 pinned-mem   KLIX20050829_130035.gz                   rsl            317.447 rss=27136
r0 pinned-mem   KLIX20050829_130035.gz                   lrose            File format not recognized: data/KLIX20050829_130035.gz rss=None
r0 pinned-mem   KLIX20050829_130035.gz                   pyart          1680.05 rss=530912
r0 pinned-mem   KLIX20050829_130035.gz                   metpy          IndexError: tuple index out of range rss=None
r0 pinned-mem   KLIX20050829_130035.gz                   xradar         TypeError: unsupported operand type(s) for +: 'NoneType' and 'int' rss=None
r0 multi-mem    KLIX20050829_130035.gz                   recast         36.799 rss=32644
r0 multi-mem    KLIX20050829_130035.gz                   recast-f32     29.732 rss=32632
r0 multi-mem    KLIX20050829_130035.gz                   nexrad-crate   89.851 rss=54708
r0 multi-mem    KLIX20050829_130035.gz                   rsl            280.414 rss=26880
r0 multi-mem    KLIX20050829_130035.gz                   lrose            File format not recognized: data/KLIX20050829_130035.gz rss=None
r0 multi-mem    KLIX20050829_130035.gz                   pyart          1447.26 rss=531364
r0 multi-mem    KLIX20050829_130035.gz                   metpy          IndexError: tuple index out of range rss=None
r0 multi-mem    KLIX20050829_130035.gz                   xradar         TypeError: unsupported operand type(s) for +: 'NoneType' and 'int' rss=None
r0 rss-1thread  TLX_N0B_20260622_0806                    recast         27.737 rss=8852
r0 rss-default  TLX_N0B_20260622_0806                    recast         36.799 rss=8672
r0 rss-1thread  TLX_N0B_20260622_0806                    recast-f32     78.633 rss=13952
r0 rss-default  TLX_N0B_20260622_0806                    recast-f32     27.453 rss=13944
r0 rss-1thread  TLX_N0B_20260622_0806                    pyart          147.058 rss=257352
r0 rss-1thread  TLX_N0B_20260622_0806                    metpy          60.826 rss=197080
r0 rss-1thread  TLX_N0B_20260622_0806                    lrose            File format not recognized: data/TLX_N0B_20260622_0806 rss=None
r0 pinned-mem   TLX_N0B_20260622_0806                    recast         32.643 rss=13616
r0 pinned-mem   TLX_N0B_20260622_0806                    recast-f32     19.205 rss=16256
r0 pinned-mem   TLX_N0B_20260622_0806                    pyart          53.755 rss=257796
r0 pinned-mem   TLX_N0B_20260622_0806                    metpy          73.493 rss=198636
r0 pinned-mem   TLX_N0B_20260622_0806                    lrose            File format not recognized: data/TLX_N0B_20260622_0806 rss=None
r0 multi-mem    TLX_N0B_20260622_0806                    recast         24.949 rss=12408
r0 multi-mem    TLX_N0B_20260622_0806                    recast-f32     19.007 rss=16496
r0 multi-mem    TLX_N0B_20260622_0806                    pyart          42.195 rss=256188
r0 multi-mem    TLX_N0B_20260622_0806                    metpy          63.085 rss=199180
r0 multi-mem    TLX_N0B_20260622_0806                    lrose            File format not recognized: data/TLX_N0B_20260622_0806 rss=None
r0 rss-1thread  TLX_N0Q_20130520_2016                    recast         1.096 rss=4096
r0 rss-default  TLX_N0Q_20130520_2016                    recast         1.142 rss=4096
r0 rss-1thread  TLX_N0Q_20130520_2016                    recast-f32     1.32 rss=4656
r0 rss-default  TLX_N0Q_20130520_2016                    recast-f32     1.391 rss=4904
r0 rss-1thread  TLX_N0Q_20130520_2016                    pyart          8.625 rss=239444
r0 rss-1thread  TLX_N0Q_20130520_2016                    metpy          3.239 rss=193972
r0 rss-1thread  TLX_N0Q_20130520_2016                    lrose            File format not recognized: data/TLX_N0Q_20130520_2016 rss=None
r0 pinned-mem   TLX_N0Q_20130520_2016                    recast         0.554 rss=4520
r0 pinned-mem   TLX_N0Q_20130520_2016                    recast-f32     0.521 rss=4908
r0 pinned-mem   TLX_N0Q_20130520_2016                    pyart          4.534 rss=240356
r0 pinned-mem   TLX_N0Q_20130520_2016                    metpy          2.976 rss=193724
r0 pinned-mem   TLX_N0Q_20130520_2016                    lrose            File format not recognized: data/TLX_N0Q_20130520_2016 rss=None
r0 multi-mem    TLX_N0Q_20130520_2016                    recast         0.556 rss=4608
r0 multi-mem    TLX_N0Q_20130520_2016                    recast-f32     0.523 rss=4896
r0 multi-mem    TLX_N0Q_20130520_2016                    pyart          5.133 rss=239908
r0 multi-mem    TLX_N0Q_20130520_2016                    metpy          2.975 rss=193692
r0 multi-mem    TLX_N0Q_20130520_2016                    lrose            File format not recognized: data/TLX_N0Q_20130520_2016 rss=None
r0 rss-1thread  TLX_N0U_20220503_0052                    recast         2.723 rss=4756
r0 rss-default  TLX_N0U_20220503_0052                    recast         2.627 rss=4756
r0 rss-1thread  TLX_N0U_20220503_0052                    recast-f32     3.964 rss=6556
r0 rss-default  TLX_N0U_20220503_0052                    recast-f32     4.582 rss=6548
r0 rss-1thread  TLX_N0U_20220503_0052                    pyart          20.589 rss=243924
r0 rss-1thread  TLX_N0U_20220503_0052                    metpy          17.027 rss=195548
r0 rss-1thread  TLX_N0U_20220503_0052                    lrose            File format not recognized: data/TLX_N0U_20220503_0052 rss=None
r0 pinned-mem   TLX_N0U_20220503_0052                    recast         2.144 rss=6428
r0 pinned-mem   TLX_N0U_20220503_0052                    recast-f32     1.87 rss=7504
r0 pinned-mem   TLX_N0U_20220503_0052                    pyart          10.777 rss=244700
r0 pinned-mem   TLX_N0U_20220503_0052                    metpy          11.873 rss=193856
r0 pinned-mem   TLX_N0U_20220503_0052                    lrose            File format not recognized: data/TLX_N0U_20220503_0052 rss=None
r0 multi-mem    TLX_N0U_20220503_0052                    recast         2.124 rss=6028
r0 multi-mem    TLX_N0U_20220503_0052                    recast-f32     1.83 rss=7492
r0 multi-mem    TLX_N0U_20220503_0052                    pyart          9.76 rss=243244
r0 multi-mem    TLX_N0U_20220503_0052                    metpy          8.365 rss=194280
r0 multi-mem    TLX_N0U_20220503_0052                    lrose            File format not recognized: data/TLX_N0U_20220503_0052 rss=None
r0 rss-1thread  TLX_DPR_20260622_0806                    recast         49.166 rss=9820
r0 rss-default  TLX_DPR_20260622_0806                    recast         22.967 rss=9728
r0 rss-1thread  TLX_DPR_20260622_0806                    recast-f32     28.873 rss=10360
r0 rss-default  TLX_DPR_20260622_0806                    recast-f32     30.075 rss=10604
r0 rss-1thread  TLX_DPR_20260622_0806                    pyart          142.995 rss=246700
r0 rss-1thread  TLX_DPR_20260622_0806                    metpy          78.132 rss=202152
r0 rss-1thread  TLX_DPR_20260622_0806                    lrose            File format not recognized: data/TLX_DPR_20260622_0806 rss=None
r0 pinned-mem   TLX_DPR_20260622_0806                    recast         33.162 rss=13544
r0 pinned-mem   TLX_DPR_20260622_0806                    recast-f32     31.658 rss=13260
r0 pinned-mem   TLX_DPR_20260622_0806                    pyart          138.071 rss=246948
r0 pinned-mem   TLX_DPR_20260622_0806                    metpy          110.648 rss=202460
r0 pinned-mem   TLX_DPR_20260622_0806                    lrose            File format not recognized: data/TLX_DPR_20260622_0806 rss=None
r0 multi-mem    TLX_DPR_20260622_0806                    recast         39.667 rss=13040
r0 multi-mem    TLX_DPR_20260622_0806                    recast-f32     32.744 rss=13584
r0 multi-mem    TLX_DPR_20260622_0806                    pyart          134.404 rss=246952
r0 multi-mem    TLX_DPR_20260622_0806                    metpy          53.064 rss=202208
r0 multi-mem    TLX_DPR_20260622_0806                    lrose            File format not recognized: data/TLX_DPR_20260622_0806 rss=None
r0 rss-1thread  iesha.pvol.20260305T0115.h5              recast         47.311 rss=9728
r0 rss-default  iesha.pvol.20260305T0115.h5              recast         21.934 rss=9728
r0 rss-1thread  iesha.pvol.20260305T0115.h5              recast-f32     19.71 rss=9728
r0 rss-default  iesha.pvol.20260305T0115.h5              recast-f32     12.318 rss=9728
r0 rss-1thread  iesha.pvol.20260305T0115.h5              xradar         3896.566 rss=294700
r0 rss-1thread  iesha.pvol.20260305T0115.h5              wradlib        98.168 rss=228288
r0 rss-1thread  iesha.pvol.20260305T0115.h5              pyart          313.577 rss=271552
r0 rss-1thread  iesha.pvol.20260305T0115.h5              lrose          338.455 rss=60376
r0 rss-1thread  iesha.pvol.20260305T0115.h5              h5py           49.858 rss=44284
r0 pinned-mem   iesha.pvol.20260305T0115.h5              recast         8.893 rss=14440
r0 pinned-mem   iesha.pvol.20260305T0115.h5              recast-f32     13.81 rss=14612
r0 pinned-mem   iesha.pvol.20260305T0115.h5              xradar         523.161 rss=296348
r0 pinned-mem   iesha.pvol.20260305T0115.h5              wradlib        100.951 rss=228056
r0 pinned-mem   iesha.pvol.20260305T0115.h5              pyart          137.174 rss=272872
r0 pinned-mem   iesha.pvol.20260305T0115.h5              lrose          200.666 rss=63992
r0 pinned-mem   iesha.pvol.20260305T0115.h5              h5py           31.298 rss=45612
r0 multi-mem    iesha.pvol.20260305T0115.h5              recast         13.272 rss=14344
r0 multi-mem    iesha.pvol.20260305T0115.h5              recast-f32     11.952 rss=14340
r0 multi-mem    iesha.pvol.20260305T0115.h5              xradar         591.604 rss=296204
r0 multi-mem    iesha.pvol.20260305T0115.h5              wradlib        85.815 rss=229080
r0 multi-mem    iesha.pvol.20260305T0115.h5              pyart          189.164 rss=273544
r0 multi-mem    iesha.pvol.20260305T0115.h5              lrose          488.287 rss=64152
r0 multi-mem    iesha.pvol.20260305T0115.h5              h5py           23.056 rss=45720
r0 rss-1thread  dkrom.pvol.20260820T1130.h5              recast         51.382 rss=19456
r0 rss-default  dkrom.pvol.20260820T1130.h5              recast         76.679 rss=19200
r0 rss-1thread  dkrom.pvol.20260820T1130.h5              recast-f32     44.801 rss=19200
r0 rss-default  dkrom.pvol.20260820T1130.h5              recast-f32     42.326 rss=19200
r0 rss-1thread  dkrom.pvol.20260820T1130.h5              xradar         3485.67 rss=371948
r0 rss-1thread  dkrom.pvol.20260820T1130.h5              wradlib        179.327 rss=239812
r0 rss-1thread  dkrom.pvol.20260820T1130.h5              pyart          361.102 rss=315548
r0 rss-1thread  dkrom.pvol.20260820T1130.h5              lrose          536.335 rss=97908
r0 rss-1thread  dkrom.pvol.20260820T1130.h5              h5py           96.819 rss=47192
r0 pinned-mem   dkrom.pvol.20260820T1130.h5              recast         14.858 rss=33340
r0 pinned-mem   dkrom.pvol.20260820T1130.h5              recast-f32     49.247 rss=33080
r0 pinned-mem   dkrom.pvol.20260820T1130.h5              xradar         896.988 rss=374516
r0 pinned-mem   dkrom.pvol.20260820T1130.h5              wradlib        215.756 rss=240284
r0 pinned-mem   dkrom.pvol.20260820T1130.h5              pyart          479.238 rss=315960
r0 pinned-mem   dkrom.pvol.20260820T1130.h5              lrose          712.685 rss=98436
r0 pinned-mem   dkrom.pvol.20260820T1130.h5              h5py           97.536 rss=47956
r0 multi-mem    dkrom.pvol.20260820T1130.h5              recast         18.804 rss=33192
r0 multi-mem    dkrom.pvol.20260820T1130.h5              recast-f32     25.854 rss=33072
r0 multi-mem    dkrom.pvol.20260820T1130.h5              xradar         866.676 rss=374040
r0 multi-mem    dkrom.pvol.20260820T1130.h5              wradlib        165.776 rss=239564
r0 multi-mem    dkrom.pvol.20260820T1130.h5              pyart          328.281 rss=319808
r0 multi-mem    dkrom.pvol.20260820T1130.h5              lrose          502.734 rss=98652
r0 multi-mem    dkrom.pvol.20260820T1130.h5              h5py           70.98 rss=47780
r0 rss-1thread  bejab.pvol.hdf                           recast         11.417 rss=6144
r0 rss-default  bejab.pvol.hdf                           recast         4.832 rss=6144
r0 rss-1thread  bejab.pvol.hdf                           recast-f32     6.4 rss=6496
r0 rss-default  bejab.pvol.hdf                           recast-f32     5.861 rss=6564
r0 rss-1thread  bejab.pvol.hdf                           xradar         2450.158 rss=274160
r0 rss-1thread  bejab.pvol.hdf                           wradlib        84.767 rss=224276
r0 rss-1thread  bejab.pvol.hdf                           pyart          138.654 rss=255740
r0 rss-1thread  bejab.pvol.hdf                           lrose          74.577 rss=37388
r0 rss-1thread  bejab.pvol.hdf                           h5py           12.339 rss=44040
r0 pinned-mem   bejab.pvol.hdf                           recast         3.731 rss=8288
r0 pinned-mem   bejab.pvol.hdf                           recast-f32     4.37 rss=9056
r0 pinned-mem   bejab.pvol.hdf                           xradar         421.334 rss=275500
r0 pinned-mem   bejab.pvol.hdf                           wradlib        39.975 rss=223892
r0 pinned-mem   bejab.pvol.hdf                           pyart          54.987 rss=259068
r0 pinned-mem   bejab.pvol.hdf                           lrose          65.611 rss=38488
r0 pinned-mem   bejab.pvol.hdf                           h5py           13.887 rss=44668
r0 multi-mem    bejab.pvol.hdf                           recast         3.425 rss=8024
r0 multi-mem    bejab.pvol.hdf                           recast-f32     3.563 rss=9048
r0 multi-mem    bejab.pvol.hdf                           xradar         273.286 rss=275008
r0 multi-mem    bejab.pvol.hdf                           wradlib        27.212 rss=224144
r0 multi-mem    bejab.pvol.hdf                           pyart          100.124 rss=258568
r0 multi-mem    bejab.pvol.hdf                           lrose          106.536 rss=38492
r0 multi-mem    bejab.pvol.hdf                           h5py           23.019 rss=44752
r0 rss-1thread  cfrad.SPOL_20080604_002217.classic.nc    recast         671.418 rss=47412
r0 rss-default  cfrad.SPOL_20080604_002217.classic.nc    recast         107.826 rss=47668
r0 rss-1thread  cfrad.SPOL_20080604_002217.classic.nc    recast-f32     176.446 rss=47416
r0 rss-default  cfrad.SPOL_20080604_002217.classic.nc    recast-f32     130.415 rss=47664
r0 rss-1thread  cfrad.SPOL_20080604_002217.classic.nc    xradar         885.794 rss=208412
r0 rss-1thread  cfrad.SPOL_20080604_002217.classic.nc    pyart          229.74 rss=314112
r0 rss-1thread  cfrad.SPOL_20080604_002217.classic.nc    wradlib        423.238 rss=299732
r0 rss-1thread  cfrad.SPOL_20080604_002217.classic.nc    lrose          416.679 rss=91952
r0 rss-1thread  cfrad.SPOL_20080604_002217.classic.nc    netcdf4        93.699 rss=85960
r0 pinned-mem   cfrad.SPOL_20080604_002217.classic.nc    recast         16.266 rss=74724
r0 pinned-mem   cfrad.SPOL_20080604_002217.classic.nc    recast-f32     28.87 rss=74216
r0 pinned-mem   cfrad.SPOL_20080604_002217.classic.nc    xradar         316.59 rss=210588
r0 pinned-mem   cfrad.SPOL_20080604_002217.classic.nc    pyart          140.457 rss=318272
r0 pinned-mem   cfrad.SPOL_20080604_002217.classic.nc    wradlib        387.848 rss=299568
r0 pinned-mem   cfrad.SPOL_20080604_002217.classic.nc    lrose          227.01 rss=91980
r0 pinned-mem   cfrad.SPOL_20080604_002217.classic.nc    netcdf4        82.789 rss=94752
r0 multi-mem    cfrad.SPOL_20080604_002217.classic.nc    recast         18.914 rss=74976
r0 multi-mem    cfrad.SPOL_20080604_002217.classic.nc    recast-f32     24.026 rss=74728
r0 multi-mem    cfrad.SPOL_20080604_002217.classic.nc    xradar         295.438 rss=210268
r0 multi-mem    cfrad.SPOL_20080604_002217.classic.nc    pyart          185.674 rss=318268
r0 multi-mem    cfrad.SPOL_20080604_002217.classic.nc    wradlib        410.862 rss=299152
r0 multi-mem    cfrad.SPOL_20080604_002217.classic.nc    lrose          390.673 rss=91580
r0 multi-mem    cfrad.SPOL_20080604_002217.classic.nc    netcdf4        52.804 rss=95156
r0 rss-1thread  cfrad.IRENE_CPOL_sweeps0-1.nc            recast         23.456 rss=7724
r0 rss-default  cfrad.IRENE_CPOL_sweeps0-1.nc            recast         3.89 rss=7972
r0 rss-1thread  cfrad.IRENE_CPOL_sweeps0-1.nc            recast-f32     4.585 rss=8044
r0 rss-default  cfrad.IRENE_CPOL_sweeps0-1.nc            recast-f32     4.023 rss=7776
r0 rss-1thread  cfrad.IRENE_CPOL_sweeps0-1.nc            xradar         667.661 rss=178972
r0 rss-1thread  cfrad.IRENE_CPOL_sweeps0-1.nc            pyart          55.478 rss=250124
r0 rss-1thread  cfrad.IRENE_CPOL_sweeps0-1.nc            wradlib        65.269 rss=231712
r0 rss-1thread  cfrad.IRENE_CPOL_sweeps0-1.nc            lrose          33.682 rss=31768
r0 rss-1thread  cfrad.IRENE_CPOL_sweeps0-1.nc            netcdf4        16.923 rss=51852
r0 pinned-mem   cfrad.IRENE_CPOL_sweeps0-1.nc            recast         0.905 rss=10088
r0 pinned-mem   cfrad.IRENE_CPOL_sweeps0-1.nc            recast-f32     1.043 rss=10292
r0 pinned-mem   cfrad.IRENE_CPOL_sweeps0-1.nc            xradar         89.483 rss=178884
r0 pinned-mem   cfrad.IRENE_CPOL_sweeps0-1.nc            pyart          79.277 rss=250908
r0 pinned-mem   cfrad.IRENE_CPOL_sweeps0-1.nc            wradlib        77.285 rss=231928
r0 pinned-mem   cfrad.IRENE_CPOL_sweeps0-1.nc            lrose          31.396 rss=32796
r0 pinned-mem   cfrad.IRENE_CPOL_sweeps0-1.nc            netcdf4        20.637 rss=53080
r0 multi-mem    cfrad.IRENE_CPOL_sweeps0-1.nc            recast         0.582 rss=10080
r0 multi-mem    cfrad.IRENE_CPOL_sweeps0-1.nc            recast-f32     0.842 rss=10076
r0 multi-mem    cfrad.IRENE_CPOL_sweeps0-1.nc            xradar         79.521 rss=179084
r0 multi-mem    cfrad.IRENE_CPOL_sweeps0-1.nc            pyart          56.653 rss=250424
r0 multi-mem    cfrad.IRENE_CPOL_sweeps0-1.nc            wradlib        111.878 rss=232108
r0 multi-mem    cfrad.IRENE_CPOL_sweeps0-1.nc            lrose          24.932 rss=32540
r0 multi-mem    cfrad.IRENE_CPOL_sweeps0-1.nc            netcdf4        18.265 rss=52164
r0 rss-1thread  cfrad.DOW8_RHI.trim3.nc                  recast         24.435 rss=5620
r0 rss-default  cfrad.DOW8_RHI.trim3.nc                  recast         2.566 rss=5612
r0 rss-1thread  cfrad.DOW8_RHI.trim3.nc                  recast-f32     4.346 rss=5620
r0 rss-default  cfrad.DOW8_RHI.trim3.nc                  recast-f32     3.267 rss=5868
r0 rss-1thread  cfrad.DOW8_RHI.trim3.nc                  xradar         328.358 rss=173928
r0 rss-1thread  cfrad.DOW8_RHI.trim3.nc                  pyart          33.767 rss=241292
r0 rss-1thread  cfrad.DOW8_RHI.trim3.nc                  wradlib        83.05 rss=225212
r0 rss-1thread  cfrad.DOW8_RHI.trim3.nc                  lrose          18.623 rss=28440
r0 rss-1thread  cfrad.DOW8_RHI.trim3.nc                  netcdf4        15.82 rss=46480
r0 pinned-mem   cfrad.DOW8_RHI.trim3.nc                  recast         0.457 rss=6620
r0 pinned-mem   cfrad.DOW8_RHI.trim3.nc                  recast-f32     0.726 rss=6624
r0 pinned-mem   cfrad.DOW8_RHI.trim3.nc                  xradar         56.702 rss=175136
r0 pinned-mem   cfrad.DOW8_RHI.trim3.nc                  pyart          42.421 rss=242164
r0 pinned-mem   cfrad.DOW8_RHI.trim3.nc                  wradlib        54.222 rss=225884
r0 pinned-mem   cfrad.DOW8_RHI.trim3.nc                  lrose          11.07 rss=29720
r0 pinned-mem   cfrad.DOW8_RHI.trim3.nc                  netcdf4        12.998 rss=48056
r0 multi-mem    cfrad.DOW8_RHI.trim3.nc                  recast         0.295 rss=6356
r0 multi-mem    cfrad.DOW8_RHI.trim3.nc                  recast-f32     0.668 rss=6348
r0 multi-mem    cfrad.DOW8_RHI.trim3.nc                  xradar         138.805 rss=175088
r0 multi-mem    cfrad.DOW8_RHI.trim3.nc                  pyart          36.131 rss=242680
r0 multi-mem    cfrad.DOW8_RHI.trim3.nc                  wradlib        54.288 rss=225828
r0 multi-mem    cfrad.DOW8_RHI.trim3.nc                  lrose          17.675 rss=29468
r0 multi-mem    cfrad.DOW8_RHI.trim3.nc                  netcdf4        10.673 rss=47820
r0 rss-1thread  cfrad2.SPOL_20080604_002217.nc           xradar         3217.516 rss=337520
r0 rss-1thread  cfrad2.SPOL_20080604_002217.nc           netcdf4        238.735 rss=90040
r0 pinned-mem   cfrad2.SPOL_20080604_002217.nc           xradar         error rss=None
r0 pinned-mem   cfrad2.SPOL_20080604_002217.nc           netcdf4        170.27 rss=93312
r0 multi-mem    cfrad2.SPOL_20080604_002217.nc           xradar         error rss=None
r0 multi-mem    cfrad2.SPOL_20080604_002217.nc           netcdf4        242.673 rss=93440
r0 rss-1thread  swp.NOXP_20090501_190244_PPI             recast         15.399 rss=6144
r0 rss-default  swp.NOXP_20090501_190244_PPI             recast         4.741 rss=6144
r0 rss-1thread  swp.NOXP_20090501_190244_PPI             recast-f32     4.824 rss=5888
r0 rss-default  swp.NOXP_20090501_190244_PPI             recast-f32     2.774 rss=6144
r0 rss-1thread  swp.NOXP_20090501_190244_PPI             rsl            error rss=None
r0 rss-1thread  swp.NOXP_20090501_190244_PPI             lrose          35.689 rss=27928
r0 pinned-mem   swp.NOXP_20090501_190244_PPI             recast         0.818 rss=7428
r0 pinned-mem   swp.NOXP_20090501_190244_PPI             recast-f32     0.992 rss=7432
r0 pinned-mem   swp.NOXP_20090501_190244_PPI             rsl            error rss=None
r0 pinned-mem   swp.NOXP_20090501_190244_PPI             lrose          16.462 rss=28696
r0 multi-mem    swp.NOXP_20090501_190244_PPI             recast         0.658 rss=7164
r0 multi-mem    swp.NOXP_20090501_190244_PPI             recast-f32     0.828 rss=7164
r0 multi-mem    swp.NOXP_20090501_190244_PPI             rsl            error rss=None
r0 multi-mem    swp.NOXP_20090501_190244_PPI             lrose          11.448 rss=29208
r0 rss-1thread  swp.NOXP_20090525_203211_SEC             recast         24.557 rss=8192
r0 rss-default  swp.NOXP_20090525_203211_SEC             recast         5.519 rss=8192
r0 rss-1thread  swp.NOXP_20090525_203211_SEC             recast-f32     14.818 rss=8192
r0 rss-default  swp.NOXP_20090525_203211_SEC             recast-f32     6.407 rss=8192
r0 rss-1thread  swp.NOXP_20090525_203211_SEC             rsl            error rss=None
r0 rss-1thread  swp.NOXP_20090525_203211_SEC             lrose          30.462 rss=29452
r0 pinned-mem   swp.NOXP_20090525_203211_SEC             recast         1.714 rss=9868
r0 pinned-mem   swp.NOXP_20090525_203211_SEC             recast-f32     1.966 rss=10324
r0 pinned-mem   swp.NOXP_20090525_203211_SEC             rsl            error rss=None
r0 pinned-mem   swp.NOXP_20090525_203211_SEC             lrose          20.245 rss=31516
r0 multi-mem    swp.NOXP_20090525_203211_SEC             recast         1.241 rss=9860
r0 multi-mem    swp.NOXP_20090525_203211_SEC             recast-f32     3.275 rss=10116
r0 multi-mem    swp.NOXP_20090525_203211_SEC             rsl            error rss=None
r0 multi-mem    swp.NOXP_20090525_203211_SEC             lrose          20.137 rss=31512
r0 rss-1thread  swp.DOW6_20211230_RHI.head41             recast         40.813 rss=9728
r0 rss-default  swp.DOW6_20211230_RHI.head41             recast         19.727 rss=9728
r0 rss-1thread  swp.DOW6_20211230_RHI.head41             recast-f32     11.336 rss=9728
r0 rss-default  swp.DOW6_20211230_RHI.head41             recast-f32     9.187 rss=9728
r0 rss-1thread  swp.DOW6_20211230_RHI.head41             rsl            64.012 rss=4608
r0 rss-1thread  swp.DOW6_20211230_RHI.head41             lrose          46.213 rss=31456
r0 pinned-mem   swp.DOW6_20211230_RHI.head41             recast         2.698 rss=12252
r0 pinned-mem   swp.DOW6_20211230_RHI.head41             recast-f32     5.121 rss=12000
r0 pinned-mem   swp.DOW6_20211230_RHI.head41             rsl            20.518 rss=19712
r0 pinned-mem   swp.DOW6_20211230_RHI.head41             lrose          71.251 rss=32792
r0 multi-mem    swp.DOW6_20211230_RHI.head41             recast         1.605 rss=11988
r0 multi-mem    swp.DOW6_20211230_RHI.head41             recast-f32     4.302 rss=11988
r0 multi-mem    swp.DOW6_20211230_RHI.head41             rsl            34.965 rss=18688
r0 multi-mem    swp.DOW6_20211230_RHI.head41             lrose          48.133 rss=33052
r0 rss-1thread  JMA_N5_20191012_0900.tar                 recast         1193.926 rss=636928
r0 rss-default  JMA_N5_20191012_0900.tar                 recast         739.869 rss=636928
r0 rss-1thread  JMA_N5_20191012_0900.tar                 recast-f32     1088.393 rss=636928
r0 rss-default  JMA_N5_20191012_0900.tar                 recast-f32     991.519 rss=636928
r0 pinned-mem   JMA_N5_20191012_0900.tar                 recast         289.389 rss=1232548
r0 pinned-mem   JMA_N5_20191012_0900.tar                 recast-f32     673.547 rss=1230508
r0 multi-mem    JMA_N5_20191012_0900.tar                 recast         242.379 rss=1232372
r0 multi-mem    JMA_N5_20191012_0900.tar                 recast-f32     286.458 rss=1230748
r0 rss-1thread  JMA_N5_20191012_0900.RS47773.tar         recast         39.633 rss=34560
r0 rss-default  JMA_N5_20191012_0900.RS47773.tar         recast         21.11 rss=34560
r0 rss-1thread  JMA_N5_20191012_0900.RS47773.tar         recast-f32     42.757 rss=34560
r0 rss-default  JMA_N5_20191012_0900.RS47773.tar         recast-f32     28.358 rss=34604
r0 pinned-mem   JMA_N5_20191012_0900.RS47773.tar         recast         6.996 rss=64312
r0 pinned-mem   JMA_N5_20191012_0900.RS47773.tar         recast-f32     13.839 rss=64312
r0 multi-mem    JMA_N5_20191012_0900.RS47773.tar         recast         8.718 rss=64304
r0 multi-mem    JMA_N5_20191012_0900.RS47773.tar         recast-f32     14.701 rss=64304
r0 rss-1thread  KIWA307_chunks001-003                    recast         31.082 rss=10752
r0 rss-default  KIWA307_chunks001-003                    recast         20.724 rss=14336
r0 rss-1thread  KIWA307_chunks001-003                    recast-f32     49.689 rss=11808
r0 rss-default  KIWA307_chunks001-003                    recast-f32     26.782 rss=15448
r0 rss-1thread  KIWA307_chunks001-003                    nexrad-crate   63.34 rss=9332
r0 rss-default  KIWA307_chunks001-003                    nexrad-crate   62.517 rss=11136
r0 rss-1thread  KIWA307_chunks001-003                    go-nexrad      127.83891 rss=15616
r0 rss-1thread  KIWA307_chunks001-003                    rsl            114.752 rss=5888
r0 rss-1thread  KIWA307_chunks001-003                    lrose            File format not recognized: data/KIWA307_chunks001-003 rss=None
r0 rss-1thread  KIWA307_chunks001-003                    radrs          808.735 rss=151400
r0 rss-1thread  KIWA307_chunks001-003                    pyart          135.551 rss=253044
r0 rss-1thread  KIWA307_chunks001-003                    metpy          158.108 rss=209368
r0 rss-1thread  KIWA307_chunks001-003                    xradar         158.791 rss=153800
r0 pinned-mem   KIWA307_chunks001-003                    recast         95.078 rss=12972
r0 pinned-mem   KIWA307_chunks001-003                    recast-f32     93.662 rss=16360
r0 pinned-mem   KIWA307_chunks001-003                    nexrad-crate   161.844 rss=13168
r0 pinned-mem   KIWA307_chunks001-003                    go-nexrad      215.234065 rss=19200
r0 pinned-mem   KIWA307_chunks001-003                    rsl            273.808 rss=5888
r0 pinned-mem   KIWA307_chunks001-003                    lrose            File format not recognized: data/KIWA307_chunks001-003 rss=None
r0 pinned-mem   KIWA307_chunks001-003                    radrs          129.035 rss=157176
r0 pinned-mem   KIWA307_chunks001-003                    pyart          143.37 rss=254548
r0 pinned-mem   KIWA307_chunks001-003                    metpy          109.973 rss=209804
r0 pinned-mem   KIWA307_chunks001-003                    xradar         242.792 rss=157852
r0 multi-mem    KIWA307_chunks001-003                    recast         66.495 rss=27020
r0 multi-mem    KIWA307_chunks001-003                    recast-f32     26.275 rss=34004
r0 multi-mem    KIWA307_chunks001-003                    nexrad-crate   103.78 rss=33908
r0 multi-mem    KIWA307_chunks001-003                    go-nexrad      164.915679 rss=22708
r0 multi-mem    KIWA307_chunks001-003                    rsl            193.662 rss=5780
r0 multi-mem    KIWA307_chunks001-003                    lrose            File format not recognized: data/KIWA307_chunks001-003 rss=None
r0 multi-mem    KIWA307_chunks001-003                    radrs          75.801 rss=254404
r0 multi-mem    KIWA307_chunks001-003                    pyart          216.425 rss=253860
r0 multi-mem    KIWA307_chunks001-003                    metpy          123.222 rss=210016
r0 multi-mem    KIWA307_chunks001-003                    xradar         95.747 rss=157664
r0 rss-1thread  KIWA307_chunks001-035                    recast         571.694 rss=41728
r0 rss-default  KIWA307_chunks001-035                    recast         173.162 rss=124672
r0 rss-1thread  KIWA307_chunks001-035                    recast-f32     400.79 rss=41984
r0 rss-default  KIWA307_chunks001-035                    recast-f32     191.934 rss=126720
r0 rss-1thread  KIWA307_chunks001-035                    nexrad-crate   963.671 rss=41480
r0 rss-default  KIWA307_chunks001-035                    nexrad-crate   286.14 rss=93284
r0 rss-1thread  KIWA307_chunks001-035                    go-nexrad      1863.33928 rss=76288
r0 rss-1thread  KIWA307_chunks001-035                    rsl            1447.61 rss=37120
r0 rss-1thread  KIWA307_chunks001-035                    lrose          2977.948 rss=151204
r0 rss-1thread  KIWA307_chunks001-035                    radrs          2065.169 rss=284396
r0 rss-1thread  KIWA307_chunks001-035                    pyart          2889.938 rss=576304
r0 rss-1thread  KIWA307_chunks001-035                    metpy          2849.174 rss=412900
r0 rss-1thread  KIWA307_chunks001-035                    xradar         3214.598 rss=459732
r0 pinned-mem   KIWA307_chunks001-035                    recast         504.075 rss=71620
r0 pinned-mem   KIWA307_chunks001-035                    recast-f32     617.322 rss=71880
r0 pinned-mem   KIWA307_chunks001-035                    nexrad-crate   778.514 rss=74388
r0 pinned-mem   KIWA307_chunks001-035                    go-nexrad      1949.623975 rss=97212
r0 pinned-mem   KIWA307_chunks001-035                    rsl            919.448 rss=37388
r0 pinned-mem   KIWA307_chunks001-035                    lrose          1804.248 rss=170852
r0 pinned-mem   KIWA307_chunks001-035                    radrs          1168.777 rss=343480
r0 pinned-mem   KIWA307_chunks001-035                    pyart          1830.241 rss=576028
r0 pinned-mem   KIWA307_chunks001-035                    metpy          1923.069 rss=412888
r0 pinned-mem   KIWA307_chunks001-035                    xradar         3428.763 rss=725980
r0 multi-mem    KIWA307_chunks001-035                    recast         112.628 rss=212792
r0 multi-mem    KIWA307_chunks001-035                    recast-f32     146.463 rss=211996
r0 multi-mem    KIWA307_chunks001-035                    nexrad-crate   143.616 rss=221120
r0 multi-mem    KIWA307_chunks001-035                    go-nexrad      1173.433232 rss=95868
r0 multi-mem    KIWA307_chunks001-035                    rsl            1062.379 rss=37392
r0 multi-mem    KIWA307_chunks001-035                    lrose          2333.388 rss=170880
r0 multi-mem    KIWA307_chunks001-035                    radrs          326.911 rss=593280
r0 multi-mem    KIWA307_chunks001-035                    pyart          2177.468 rss=575428
r0 multi-mem    KIWA307_chunks001-035                    metpy          3193.043 rss=412776
r0 multi-mem    KIWA307_chunks001-035                    xradar         4085.901 rss=733736
MEM-DONE Fri Sep 25 04:23:32 UTC 2026
r0 pinned       KIWA307_chunks001-003                    recast         106.583 rss=12980
r0 pinned       KIWA307_chunks001-003                    recast-f32     91.07 rss=16360
r0 pinned       KIWA307_chunks001-003                    nexrad-crate   161.626 rss=13424
r0 pinned       KIWA307_chunks001-003                    go-nexrad      195.586294 rss=19148
r0 pinned       KIWA307_chunks001-003                    rsl            205.253 rss=5888
r0 pinned       KIWA307_chunks001-003                    lrose            File format not recognized: data/KIWA307_chunks001-003 rss=None
r0 pinned       KIWA307_chunks001-003                    radrs          186.976 rss=157276
r0 pinned       KIWA307_chunks001-003                    pyart          160.965 rss=253660
r0 pinned       KIWA307_chunks001-003                    metpy          186.341 rss=209852
r0 pinned       KIWA307_chunks001-003                    xradar         168.167 rss=157008
r0 multi        KIWA307_chunks001-003                    recast         41.405 rss=31376
r0 multi        KIWA307_chunks001-003                    recast-f32     83.302 rss=32884
r0 multi        KIWA307_chunks001-003                    nexrad-crate   55.106 rss=32452
r0 multi        KIWA307_chunks001-003                    go-nexrad      112.568024 rss=23112
r0 multi        KIWA307_chunks001-003                    rsl            194.168 rss=5888
r0 multi        KIWA307_chunks001-003                    lrose            File format not recognized: data/KIWA307_chunks001-003 rss=None
r0 multi        KIWA307_chunks001-003                    radrs          105.113 rss=250652
r0 multi        KIWA307_chunks001-003                    pyart          187.196 rss=253872
r0 multi        KIWA307_chunks001-003                    metpy          113.368 rss=210036
r0 multi        KIWA307_chunks001-003                    xradar         76.711 rss=157772
r0 pinned       KIWA307_chunks001-035                    recast         752.411 rss=71616
r0 pinned       KIWA307_chunks001-035                    recast-f32     520.289 rss=71624
r0 pinned       KIWA307_chunks001-035                    nexrad-crate   1058.938 rss=74644
r0 pinned       KIWA307_chunks001-035                    go-nexrad      1529.963392 rss=99256
r0 pinned       KIWA307_chunks001-035                    rsl            1141.03 rss=37392
r0 pinned       KIWA307_chunks001-035                    lrose          1852.268 rss=171108
r0 pinned       KIWA307_chunks001-035                    radrs          866.428 rss=350092
r0 pinned       KIWA307_chunks001-035                    pyart          1399.749 rss=576748
r0 pinned       KIWA307_chunks001-035                    metpy          1138.115 rss=413144
r0 pinned       KIWA307_chunks001-035                    xradar         2826.535 rss=738412
r0 multi        KIWA307_chunks001-035                    recast         58.678 rss=212544
r0 multi        KIWA307_chunks001-035                    recast-f32     66.888 rss=211180
r0 multi        KIWA307_chunks001-035                    nexrad-crate   72.864 rss=221624
r0 multi        KIWA307_chunks001-035                    go-nexrad      1387.226886 rss=95612
r0 multi        KIWA307_chunks001-035                    rsl            1414.352 rss=34048
r0 multi        KIWA307_chunks001-035                    lrose          2300.041 rss=170624
r0 multi        KIWA307_chunks001-035                    radrs          233.808 rss=635696
r0 multi        KIWA307_chunks001-035                    pyart          1261.048 rss=576848
r0 multi        KIWA307_chunks001-035                    metpy          1455.209 rss=412792
r0 multi        KIWA307_chunks001-035                    xradar         2537.83 rss=737176
r1 pinned       KIWA307_chunks001-035                    recast-f32     372.128 rss=71624
r1 pinned       KIWA307_chunks001-035                    nexrad-crate   653.584 rss=74648
r1 pinned       KIWA307_chunks001-035                    go-nexrad      1459.108813 rss=96188
r1 pinned       KIWA307_chunks001-035                    rsl            1028.022 rss=37392
r1 pinned       KIWA307_chunks001-035                    lrose          2239.243 rss=171108
r1 pinned       KIWA307_chunks001-035                    radrs          1205.35 rss=350744
r1 pinned       KIWA307_chunks001-035                    pyart          1576.795 rss=576832
r1 pinned       KIWA307_chunks001-035                    metpy          1654.344 rss=412636
r1 pinned       KIWA307_chunks001-035                    xradar         3031.898 rss=732716
r1 pinned       KIWA307_chunks001-035                    recast         502.981 rss=71616
r1 multi        KIWA307_chunks001-035                    recast-f32     79.847 rss=211856
r1 multi        KIWA307_chunks001-035                    nexrad-crate   73.183 rss=220876
r1 multi        KIWA307_chunks001-035                    go-nexrad      962.578028 rss=94500
r1 multi        KIWA307_chunks001-035                    rsl            852.063 rss=37448
r1 multi        KIWA307_chunks001-035                    lrose          1915.786 rss=171356
r1 multi        KIWA307_chunks001-035                    radrs          286.097 rss=618976
r1 multi        KIWA307_chunks001-035                    pyart          2022.395 rss=575916
r1 multi        KIWA307_chunks001-035                    metpy          1619.279 rss=412980
r1 multi        KIWA307_chunks001-035                    xradar         3570.306 rss=736200
r1 multi        KIWA307_chunks001-035                    recast         137.1 rss=210320
r1 pinned       KIWA307_chunks001-003                    recast-f32     96.103 rss=16360
r1 pinned       KIWA307_chunks001-003                    nexrad-crate   94.681 rss=13168
r1 pinned       KIWA307_chunks001-003                    go-nexrad      113.607306 rss=19984
r1 pinned       KIWA307_chunks001-003                    rsl            168.361 rss=5888
r1 pinned       KIWA307_chunks001-003                    lrose            File format not recognized: data/KIWA307_chunks001-003 rss=None
r1 pinned       KIWA307_chunks001-003                    radrs          109.174 rss=158252
r1 pinned       KIWA307_chunks001-003                    pyart          94.262 rss=254540
r1 pinned       KIWA307_chunks001-003                    metpy          86.726 rss=209860
r1 pinned       KIWA307_chunks001-003                    xradar         124.528 rss=158200
r1 pinned       KIWA307_chunks001-003                    recast         56.138 rss=12720
r1 multi        KIWA307_chunks001-003                    recast-f32     29.309 rss=27592
r1 multi        KIWA307_chunks001-003                    nexrad-crate   33.834 rss=30948
r1 multi        KIWA307_chunks001-003                    go-nexrad      123.878985 rss=22252
r1 multi        KIWA307_chunks001-003                    rsl            148.031 rss=5888
r1 multi        KIWA307_chunks001-003                    lrose            File format not recognized: data/KIWA307_chunks001-003 rss=None
r1 multi        KIWA307_chunks001-003                    radrs          78.726 rss=255976
r1 multi        KIWA307_chunks001-003                    pyart          119.406 rss=255072
r1 multi        KIWA307_chunks001-003                    metpy          102.867 rss=209932
r1 multi        KIWA307_chunks001-003                    xradar         72.386 rss=157104
r1 multi        KIWA307_chunks001-003                    recast         20.998 rss=30168
r2 pinned       KIWA307_chunks001-003                    nexrad-crate   61.866 rss=13424
r2 pinned       KIWA307_chunks001-003                    go-nexrad      80.093203 rss=19476
r2 pinned       KIWA307_chunks001-003                    rsl            115.078 rss=5888
r2 pinned       KIWA307_chunks001-003                    lrose            File format not recognized: data/KIWA307_chunks001-003 rss=None
r2 pinned       KIWA307_chunks001-003                    radrs          73.255 rss=157864
r2 pinned       KIWA307_chunks001-003                    pyart          75.197 rss=254468
r2 pinned       KIWA307_chunks001-003                    metpy          113.58 rss=210428
r2 pinned       KIWA307_chunks001-003                    xradar         84.927 rss=157580
r2 pinned       KIWA307_chunks001-003                    recast         96.075 rss=12976
r2 pinned       KIWA307_chunks001-003                    recast-f32     85.768 rss=16108
r2 multi        KIWA307_chunks001-003                    nexrad-crate   34.262 rss=33684
r2 multi        KIWA307_chunks001-003                    go-nexrad      69.908434 rss=21616
r2 multi        KIWA307_chunks001-003                    rsl            94.103 rss=5632
r2 multi        KIWA307_chunks001-003                    lrose            File format not recognized: data/KIWA307_chunks001-003 rss=None
r2 multi        KIWA307_chunks001-003                    radrs          103.315 rss=242232
r2 multi        KIWA307_chunks001-003                    pyart          111.173 rss=254656
r2 multi        KIWA307_chunks001-003                    metpy          63.618 rss=209940
r2 multi        KIWA307_chunks001-003                    xradar         69.661 rss=157640
r2 multi        KIWA307_chunks001-003                    recast         16.392 rss=26824
r2 multi        KIWA307_chunks001-003                    recast-f32     61.656 rss=30668
r2 pinned       KIWA307_chunks001-035                    nexrad-crate   1205.369 rss=74388
r2 pinned       KIWA307_chunks001-035                    go-nexrad      1131.871521 rss=101812
r2 pinned       KIWA307_chunks001-035                    rsl            907.159 rss=37388
r2 pinned       KIWA307_chunks001-035                    lrose          1614.795 rss=170844
r2 pinned       KIWA307_chunks001-035                    radrs          1170.672 rss=331488
r2 pinned       KIWA307_chunks001-035                    pyart          2039.317 rss=576756
r2 pinned       KIWA307_chunks001-035                    metpy          1469.586 rss=412900
r2 pinned       KIWA307_chunks001-035                    xradar         3020.235 rss=740404
r2 pinned       KIWA307_chunks001-035                    recast         1144.72 rss=71616
r2 pinned       KIWA307_chunks001-035                    recast-f32     1325.222 rss=71624
r2 multi        KIWA307_chunks001-035                    nexrad-crate   176.426 rss=222524
r2 multi        KIWA307_chunks001-035                    go-nexrad      1601.604421 rss=93820
r2 multi        KIWA307_chunks001-035                    rsl            1339.068 rss=37264
r2 multi        KIWA307_chunks001-035                    lrose          2823.412 rss=170604
r2 multi        KIWA307_chunks001-035                    radrs          298.471 rss=606308
r2 multi        KIWA307_chunks001-035                    pyart          1464.601 rss=576104
r2 multi        KIWA307_chunks001-035                    metpy          974.382 rss=412356
r2 multi        KIWA307_chunks001-035                    xradar         2598.457 rss=736528
r2 multi        KIWA307_chunks001-035                    recast         55.591 rss=206480
r2 multi        KIWA307_chunks001-035                    recast-f32     76.611 rss=211596
CHUNKS-DONE Fri Sep 25 04:36:02 UTC 2026
r0 pinned       KTLX20240315_000217_V06                  recast         963.897 rss=176272
r0 pinned       KTLX20240315_000217_V06                  recast-auto    684.019 rss=176332
r0 multi        KTLX20240315_000217_V06                  recast         118.511 rss=419452
r0 multi        KTLX20240315_000217_V06                  recast-auto    97.481 rss=422524
r0 rss-1thread  KTLX20240315_000217_V06                  recast         839.441 rss=97792
r0 rss-default  KTLX20240315_000217_V06                  recast         285.958 rss=209936
r0 rss-1thread  KTLX20240315_000217_V06                  recast-auto    834.605 rss=97792
r0 rss-default  KTLX20240315_000217_V06                  recast-auto    235.293 rss=213116
r0 pinned       KTLX20130520_201643_V06.gz               recast         72.694 rss=96368
r0 pinned       KTLX20130520_201643_V06.gz               recast-auto    106.972 rss=139284
r0 multi        KTLX20130520_201643_V06.gz               recast         67.773 rss=96616
r0 multi        KTLX20130520_201643_V06.gz               recast-auto    119.662 rss=139200
r0 rss-1thread  KTLX20130520_201643_V06.gz               recast         100.72 rss=55040
r0 rss-default  KTLX20130520_201643_V06.gz               recast         212.117 rss=55040
r0 rss-1thread  KTLX20130520_201643_V06.gz               recast-auto    259.448 rss=97792
r0 rss-default  KTLX20130520_201643_V06.gz               recast-auto    201.404 rss=98048
r0 pinned       TLX_N0B_20260622_0806                    recast         32.443 rss=13580
r0 pinned       TLX_N0B_20260622_0806                    recast-auto    decode_bench: no Archive II volume header: the input starts with `SDUS54 K`, not AR2V or ARCHIVE2 (model-data _MDM files rss=None
r0 multi        TLX_N0B_20260622_0806                    recast         20.944 rss=12400
r0 multi        TLX_N0B_20260622_0806                    recast-auto    decode_bench: no Archive II volume header: the input starts with `SDUS54 K`, not AR2V or ARCHIVE2 (model-data _MDM files rss=None
r0 rss-1thread  TLX_N0B_20260622_0806                    recast         34.545 rss=8852
r0 rss-default  TLX_N0B_20260622_0806                    recast         40.274 rss=8848
r0 rss-1thread  TLX_N0B_20260622_0806                    recast-auto    decode_bench: no Archive II volume header: the input starts with `SDUS54 K`, not AR2V or ARCHIVE2 (model-data _MDM files rss=None
r0 rss-default  TLX_N0B_20260622_0806                    recast-auto    decode_bench: no Archive II volume header: the input starts with `SDUS54 K`, not AR2V or ARCHIVE2 (model-data _MDM files rss=None
r0 pinned       iesha.pvol.20260305T0115.h5              recast         11.826 rss=14344
r0 pinned       iesha.pvol.20260305T0115.h5              recast-auto    15.244 rss=14348
r0 multi        iesha.pvol.20260305T0115.h5              recast         17.471 rss=14596
r0 multi        iesha.pvol.20260305T0115.h5              recast-auto    13.68 rss=14600
r0 rss-1thread  iesha.pvol.20260305T0115.h5              recast         20.024 rss=9728
r0 rss-default  iesha.pvol.20260305T0115.h5              recast         10.902 rss=9728
r0 rss-1thread  iesha.pvol.20260305T0115.h5              recast-auto    14.876 rss=9984
r0 rss-default  iesha.pvol.20260305T0115.h5              recast-auto    34.751 rss=9984
r0 pinned       cfrad.IRENE_CPOL_sweeps0-1.nc            recast         0.73 rss=10344
r0 pinned       cfrad.IRENE_CPOL_sweeps0-1.nc            recast-auto    1.425 rss=10340
r0 multi        cfrad.IRENE_CPOL_sweeps0-1.nc            recast         0.832 rss=10332
r0 multi        cfrad.IRENE_CPOL_sweeps0-1.nc            recast-auto    0.423 rss=10236
r0 rss-1thread  cfrad.IRENE_CPOL_sweeps0-1.nc            recast         5.038 rss=7724
r0 rss-default  cfrad.IRENE_CPOL_sweeps0-1.nc            recast         4.424 rss=7712
r0 rss-1thread  cfrad.IRENE_CPOL_sweeps0-1.nc            recast-auto    3.805 rss=7724
r0 rss-default  cfrad.IRENE_CPOL_sweeps0-1.nc            recast-auto    4.169 rss=7716
r0 pinned       swp.NOXP_20090501_190244_PPI             recast         0.891 rss=7172
r0 pinned       swp.NOXP_20090501_190244_PPI             recast-auto    0.766 rss=7172
r0 multi        swp.NOXP_20090501_190244_PPI             recast         0.728 rss=7136
r0 multi        swp.NOXP_20090501_190244_PPI             recast-auto    0.92 rss=7160
r0 rss-1thread  swp.NOXP_20090501_190244_PPI             recast         1.864 rss=5888
r0 rss-default  swp.NOXP_20090501_190244_PPI             recast         2.879 rss=5888
r0 rss-1thread  swp.NOXP_20090501_190244_PPI             recast-auto    1.758 rss=6144
r0 rss-default  swp.NOXP_20090501_190244_PPI             recast-auto    2.431 rss=6144
r0 pinned       JMA_N5_20191012_0900.RS47773.tar         recast         9.182 rss=64304
r0 pinned       JMA_N5_20191012_0900.RS47773.tar         recast-auto    10.639 rss=64308
r0 multi        JMA_N5_20191012_0900.RS47773.tar         recast         12.949 rss=64304
r0 multi        JMA_N5_20191012_0900.RS47773.tar         recast-auto    9.786 rss=64300
r0 rss-1thread  JMA_N5_20191012_0900.RS47773.tar         recast         21.894 rss=34560
r0 rss-default  JMA_N5_20191012_0900.RS47773.tar         recast         22.795 rss=34560
r0 rss-1thread  JMA_N5_20191012_0900.RS47773.tar         recast-auto    19.502 rss=34560
r0 rss-default  JMA_N5_20191012_0900.RS47773.tar         recast-auto    26.16 rss=34816
r0 pinned       KIWA307_chunks001-003                    recast         132.891 rss=12808
r0 pinned       KIWA307_chunks001-003                    recast-auto    109.121 rss=12720
r0 multi        KIWA307_chunks001-003                    recast         24.074 rss=29900
r0 multi        KIWA307_chunks001-003                    recast-auto    41.425 rss=29896
r0 rss-1thread  KIWA307_chunks001-003                    recast         74.169 rss=10752
r0 rss-default  KIWA307_chunks001-003                    recast         78.392 rss=14080
r0 rss-1thread  KIWA307_chunks001-003                    recast-auto    117.174 rss=10496
r0 rss-default  KIWA307_chunks001-003                    recast-auto    48.282 rss=14336
r1 pinned       KIWA307_chunks001-003                    recast-auto    55.216 rss=12720
r1 pinned       KIWA307_chunks001-003                    recast         40.396 rss=12976
r1 multi        KIWA307_chunks001-003                    recast-auto    34.312 rss=26528
r1 multi        KIWA307_chunks001-003                    recast         25.448 rss=25288
r1 pinned       JMA_N5_20191012_0900.RS47773.tar         recast-auto    6.246 rss=64396
r1 pinned       JMA_N5_20191012_0900.RS47773.tar         recast         6.361 rss=64308
r1 multi        JMA_N5_20191012_0900.RS47773.tar         recast-auto    6.475 rss=64392
r1 multi        JMA_N5_20191012_0900.RS47773.tar         recast         7.534 rss=64308
r1 pinned       swp.NOXP_20090501_190244_PPI             recast-auto    0.515 rss=7172
r1 pinned       swp.NOXP_20090501_190244_PPI             recast         0.631 rss=7172
r1 multi        swp.NOXP_20090501_190244_PPI             recast-auto    0.414 rss=7164
r1 multi        swp.NOXP_20090501_190244_PPI             recast         0.942 rss=7136
r1 pinned       cfrad.IRENE_CPOL_sweeps0-1.nc            recast-auto    1.322 rss=10092
r1 pinned       cfrad.IRENE_CPOL_sweeps0-1.nc            recast         1.757 rss=10088
r1 multi        cfrad.IRENE_CPOL_sweeps0-1.nc            recast-auto    0.923 rss=10076
r1 multi        cfrad.IRENE_CPOL_sweeps0-1.nc            recast         0.366 rss=10076
r1 pinned       iesha.pvol.20260305T0115.h5              recast-auto    8.329 rss=14344
r1 pinned       iesha.pvol.20260305T0115.h5              recast         7.809 rss=14288
r1 multi        iesha.pvol.20260305T0115.h5              recast-auto    7.182 rss=14600
r1 multi        iesha.pvol.20260305T0115.h5              recast         12.397 rss=14600
r1 pinned       TLX_N0B_20260622_0806                    recast-auto    decode_bench: no Archive II volume header: the input starts with `SDUS54 K`, not AR2V or ARCHIVE2 (model-data _MDM files rss=None
r1 pinned       TLX_N0B_20260622_0806                    recast         23.167 rss=13832
r1 multi        TLX_N0B_20260622_0806                    recast-auto    decode_bench: no Archive II volume header: the input starts with `SDUS54 K`, not AR2V or ARCHIVE2 (model-data _MDM files rss=None
r1 multi        TLX_N0B_20260622_0806                    recast         19.426 rss=12404
r1 pinned       KTLX20130520_201643_V06.gz               recast-auto    91.477 rss=139496
r1 pinned       KTLX20130520_201643_V06.gz               recast         56.711 rss=96620
r1 multi        KTLX20130520_201643_V06.gz               recast-auto    83.052 rss=139620
r1 multi        KTLX20130520_201643_V06.gz               recast         54.438 rss=96520
r1 pinned       KTLX20240315_000217_V06                  recast-auto    769.445 rss=176276
r1 pinned       KTLX20240315_000217_V06                  recast         1112.051 rss=176272
r1 multi        KTLX20240315_000217_V06                  recast-auto    146.999 rss=424356
r1 multi        KTLX20240315_000217_V06                  recast         131.183 rss=421604
r2 pinned       KTLX20240315_000217_V06                  recast         974.089 rss=176276
r2 pinned       KTLX20240315_000217_V06                  recast-auto    791.255 rss=176276
r2 multi        KTLX20240315_000217_V06                  recast         134.413 rss=425928
r2 multi        KTLX20240315_000217_V06                  recast-auto    127.505 rss=426092
r2 pinned       KTLX20130520_201643_V06.gz               recast         66.761 rss=96528
r2 pinned       KTLX20130520_201643_V06.gz               recast-auto    99.575 rss=139500
r2 multi        KTLX20130520_201643_V06.gz               recast         93.615 rss=96776
r2 multi        KTLX20130520_201643_V06.gz               recast-auto    116.11 rss=139620
r2 pinned       TLX_N0B_20260622_0806                    recast         18.335 rss=13560
r2 pinned       TLX_N0B_20260622_0806                    recast-auto    decode_bench: no Archive II volume header: the input starts with `SDUS54 K`, not AR2V or ARCHIVE2 (model-data _MDM files rss=None
r2 multi        TLX_N0B_20260622_0806                    recast         16.176 rss=12424
r2 multi        TLX_N0B_20260622_0806                    recast-auto    decode_bench: no Archive II volume header: the input starts with `SDUS54 K`, not AR2V or ARCHIVE2 (model-data _MDM files rss=None
r2 pinned       iesha.pvol.20260305T0115.h5              recast         7.013 rss=14348
r2 pinned       iesha.pvol.20260305T0115.h5              recast-auto    7.384 rss=14604
r2 multi        iesha.pvol.20260305T0115.h5              recast         7.215 rss=14596
r2 multi        iesha.pvol.20260305T0115.h5              recast-auto    7.509 rss=14668
r2 pinned       cfrad.IRENE_CPOL_sweeps0-1.nc            recast         0.404 rss=10088
r2 pinned       cfrad.IRENE_CPOL_sweeps0-1.nc            recast-auto    0.289 rss=10088
r2 multi        cfrad.IRENE_CPOL_sweeps0-1.nc            recast         1.003 rss=10076
r2 multi        cfrad.IRENE_CPOL_sweeps0-1.nc            recast-auto    0.82 rss=10144
r2 pinned       swp.NOXP_20090501_190244_PPI             recast         0.521 rss=7092
r2 pinned       swp.NOXP_20090501_190244_PPI             recast-auto    0.496 rss=7172
r2 multi        swp.NOXP_20090501_190244_PPI             recast         0.57 rss=7160
r2 multi        swp.NOXP_20090501_190244_PPI             recast-auto    0.41 rss=7164
r2 pinned       JMA_N5_20191012_0900.RS47773.tar         recast         6.287 rss=64308
r2 pinned       JMA_N5_20191012_0900.RS47773.tar         recast-auto    5.959 rss=64564
r2 multi        JMA_N5_20191012_0900.RS47773.tar         recast         6.52 rss=64460
r2 multi        JMA_N5_20191012_0900.RS47773.tar         recast-auto    6.102 rss=64300
r2 pinned       KIWA307_chunks001-003                    recast         27.02 rss=12972
r2 pinned       KIWA307_chunks001-003                    recast-auto    34.563 rss=12980
r2 multi        KIWA307_chunks001-003                    recast         29.805 rss=26824
r2 multi        KIWA307_chunks001-003                    recast-auto    22.646 rss=25300
ROUTER-DONE Fri Sep 25 04:38:03 UTC 2026
ALLDONE
