start Fri Sep 25 04:39:01 UTC 2026 load 12.58 7.35 8.33
r0 pinned       KIWA307_chunks001-003                    recast         55.224 rss=12720
r0 pinned       KIWA307_chunks001-003                    recast-f32     79.708 rss=16360
r0 pinned       KIWA307_chunks001-003                    nexrad-crate   79.977 rss=13420
r0 pinned       KIWA307_chunks001-003                    go-nexrad      144.78616 rss=21448
r0 pinned       KIWA307_chunks001-003                    rsl            151.25 rss=5888
r0 pinned       KIWA307_chunks001-003                    lrose            File format not recognized: data/KIWA307_chunks001-003 rss=None
r0 pinned       KIWA307_chunks001-003                    radrs          94.692 rss=157872
r0 pinned       KIWA307_chunks001-003                    pyart          81.306 rss=254640
r0 pinned       KIWA307_chunks001-003                    metpy          115.782 rss=210472
r0 pinned       KIWA307_chunks001-003                    xradar         103.585 rss=157216
r0 multi        KIWA307_chunks001-003                    recast         15.981 rss=26836
r0 multi        KIWA307_chunks001-003                    recast-f32     20.734 rss=27596
r0 multi        KIWA307_chunks001-003                    nexrad-crate   38.284 rss=30776
r0 multi        KIWA307_chunks001-003                    go-nexrad      98.818932 rss=20324
r0 multi        KIWA307_chunks001-003                    rsl            136.056 rss=5888
r0 multi        KIWA307_chunks001-003                    lrose            File format not recognized: data/KIWA307_chunks001-003 rss=None
r0 multi        KIWA307_chunks001-003                    radrs          62.646 rss=247868
r0 multi        KIWA307_chunks001-003                    pyart          80.4 rss=254728
r0 multi        KIWA307_chunks001-003                    metpy          83.854 rss=210144
r0 multi        KIWA307_chunks001-003                    xradar         82.358 rss=157888
r0 pinned       KIWA307_chunks001-035                    recast         489.399 rss=71616
r0 pinned       KIWA307_chunks001-035                    recast-f32     483.693 rss=71624
r0 pinned       KIWA307_chunks001-035                    nexrad-crate   1705.283 rss=74644
r0 pinned       KIWA307_chunks001-035                    go-nexrad      1575.454559 rss=99900
r0 pinned       KIWA307_chunks001-035                    rsl            1157.834 rss=37392
r0 pinned       KIWA307_chunks001-035                    lrose          2567.842 rss=170592
r0 pinned       KIWA307_chunks001-035                    radrs          1447.576 rss=371804
r0 pinned       KIWA307_chunks001-035                    pyart          2319.576 rss=576236
r0 pinned       KIWA307_chunks001-035                    metpy          1430.672 rss=412368
r0 pinned       KIWA307_chunks001-035                    xradar         4390.844 rss=725532
r0 multi        KIWA307_chunks001-035                    recast         186.408 rss=212396
r0 multi        KIWA307_chunks001-035                    recast-f32     189.915 rss=214640
r0 multi        KIWA307_chunks001-035                    nexrad-crate   166.763 rss=223492
r0 multi        KIWA307_chunks001-035                    go-nexrad      1457.639648 rss=96888
r0 multi        KIWA307_chunks001-035                    rsl            1076.642 rss=37428
r0 multi        KIWA307_chunks001-035                    lrose          1987.849 rss=170860
r0 multi        KIWA307_chunks001-035                    radrs          521.76 rss=586700
r0 multi        KIWA307_chunks001-035                    pyart          2135.052 rss=576252
r0 multi        KIWA307_chunks001-035                    metpy          3091.233 rss=412964
r0 multi        KIWA307_chunks001-035                    xradar         4741.768 rss=724500
r1 pinned       KIWA307_chunks001-035                    recast-f32     1191.35 rss=71624
r1 pinned       KIWA307_chunks001-035                    nexrad-crate   1124.137 rss=74640
r1 pinned       KIWA307_chunks001-035                    go-nexrad      2035.677261 rss=100368
r1 pinned       KIWA307_chunks001-035                    rsl            1320.72 rss=37392
r1 pinned       KIWA307_chunks001-035                    lrose          2096.583 rss=171104
r1 pinned       KIWA307_chunks001-035                    radrs          1186.437 rss=342556
r1 pinned       KIWA307_chunks001-035                    pyart          1430.908 rss=576220
r1 pinned       KIWA307_chunks001-035                    metpy          1161.798 rss=412880
r1 pinned       KIWA307_chunks001-035                    xradar         2874.729 rss=727476
r1 pinned       KIWA307_chunks001-035                    recast         433.069 rss=71620
r1 multi        KIWA307_chunks001-035                    recast-f32     83.392 rss=207672
r1 multi        KIWA307_chunks001-035                    nexrad-crate   102.562 rss=223220
r1 multi        KIWA307_chunks001-035                    go-nexrad      1135.093494 rss=94264
r1 multi        KIWA307_chunks001-035                    rsl            923.774 rss=37384
r1 multi        KIWA307_chunks001-035                    lrose          2056.179 rss=170436
r1 multi        KIWA307_chunks001-035                    radrs          296.209 rss=593012
r1 multi        KIWA307_chunks001-035                    pyart          1693.13 rss=576908
r1 multi        KIWA307_chunks001-035                    metpy          1613.326 rss=412740
r1 multi        KIWA307_chunks001-035                    xradar         3206.6 rss=738252
r1 multi        KIWA307_chunks001-035                    recast         111.447 rss=215756
r1 pinned       KIWA307_chunks001-003                    recast-f32     61.561 rss=16372
r1 pinned       KIWA307_chunks001-003                    nexrad-crate   70.624 rss=13424
r1 pinned       KIWA307_chunks001-003                    go-nexrad      115.140361 rss=19540
r1 pinned       KIWA307_chunks001-003                    rsl            118.749 rss=5888
r1 pinned       KIWA307_chunks001-003                    lrose            File format not recognized: data/KIWA307_chunks001-003 rss=None
r1 pinned       KIWA307_chunks001-003                    radrs          92.58 rss=157860
r1 pinned       KIWA307_chunks001-003                    pyart          73.531 rss=253496
r1 pinned       KIWA307_chunks001-003                    metpy          88.323 rss=209612
r1 pinned       KIWA307_chunks001-003                    xradar         85.667 rss=158452
r1 pinned       KIWA307_chunks001-003                    recast         31.428 rss=12980
r1 multi        KIWA307_chunks001-003                    recast-f32     20.221 rss=24480
r1 multi        KIWA307_chunks001-003                    nexrad-crate   47.069 rss=34408
r1 multi        KIWA307_chunks001-003                    go-nexrad      96.498382 rss=22580
r1 multi        KIWA307_chunks001-003                    rsl            133.108 rss=5888
r1 multi        KIWA307_chunks001-003                    lrose            File format not recognized: data/KIWA307_chunks001-003 rss=None
r1 multi        KIWA307_chunks001-003                    radrs          84.386 rss=256956
r1 multi        KIWA307_chunks001-003                    pyart          94.097 rss=254524
r1 multi        KIWA307_chunks001-003                    metpy          102.805 rss=209584
r1 multi        KIWA307_chunks001-003                    xradar         86.071 rss=157684
r1 multi        KIWA307_chunks001-003                    recast         44.515 rss=31416
r2 pinned       KIWA307_chunks001-003                    nexrad-crate   50.966 rss=13420
r2 pinned       KIWA307_chunks001-003                    go-nexrad      126.883066 rss=20668
r2 pinned       KIWA307_chunks001-003                    rsl            114.774 rss=5888
r2 pinned       KIWA307_chunks001-003                    lrose            File format not recognized: data/KIWA307_chunks001-003 rss=None
r2 pinned       KIWA307_chunks001-003                    radrs          71.947 rss=157860
r2 pinned       KIWA307_chunks001-003                    pyart          99.661 rss=254540
r2 pinned       KIWA307_chunks001-003                    metpy          67.932 rss=209628
r2 pinned       KIWA307_chunks001-003                    xradar         73.535 rss=157628
r2 pinned       KIWA307_chunks001-003                    recast         27.276 rss=12976
r2 pinned       KIWA307_chunks001-003                    recast-f32     34.51 rss=16364
r2 multi        KIWA307_chunks001-003                    nexrad-crate   29.935 rss=25372
r2 multi        KIWA307_chunks001-003                    go-nexrad      169.059416 rss=21064
r2 multi        KIWA307_chunks001-003                    rsl            164.915 rss=5888
r2 multi        KIWA307_chunks001-003                    lrose            File format not recognized: data/KIWA307_chunks001-003 rss=None
r2 multi        KIWA307_chunks001-003                    radrs          108.844 rss=270460
r2 multi        KIWA307_chunks001-003                    pyart          79.363 rss=253488
r2 multi        KIWA307_chunks001-003                    metpy          129.787 rss=210172
r2 multi        KIWA307_chunks001-003                    xradar         69.774 rss=157552
r2 multi        KIWA307_chunks001-003                    recast         28.179 rss=28188
r2 multi        KIWA307_chunks001-003                    recast-f32     28.476 rss=30920
r2 pinned       KIWA307_chunks001-035                    nexrad-crate   512.157 rss=74644
r2 pinned       KIWA307_chunks001-035                    go-nexrad      1175.396018 rss=97192
r2 pinned       KIWA307_chunks001-035                    rsl            994.569 rss=37392
r2 pinned       KIWA307_chunks001-035                    lrose          1903.161 rss=170844
r2 pinned       KIWA307_chunks001-035                    radrs          885.997 rss=373856
r2 pinned       KIWA307_chunks001-035                    pyart          1276.502 rss=575448
r2 pinned       KIWA307_chunks001-035                    metpy          1013.832 rss=412884
r2 pinned       KIWA307_chunks001-035                    xradar         2558.934 rss=724976
r2 pinned       KIWA307_chunks001-035                    recast         499.279 rss=71620
r2 pinned       KIWA307_chunks001-035                    recast-f32     464.781 rss=71624
r2 multi        KIWA307_chunks001-035                    nexrad-crate   108.126 rss=218960
r2 multi        KIWA307_chunks001-035                    go-nexrad      846.280145 rss=93904
r2 multi        KIWA307_chunks001-035                    rsl            701.667 rss=37404
r2 multi        KIWA307_chunks001-035                    lrose          1383.035 rss=170544
r2 multi        KIWA307_chunks001-035                    radrs          167.236 rss=643384
r2 multi        KIWA307_chunks001-035                    pyart          1079.871 rss=576280
r2 multi        KIWA307_chunks001-035                    metpy          1118.113 rss=412512
r2 multi        KIWA307_chunks001-035                    xradar         2211.478 rss=725328
r2 multi        KIWA307_chunks001-035                    recast         54.325 rss=210984
r2 multi        KIWA307_chunks001-035                    recast-f32     71.656 rss=212912
CHUNKS-DONE Fri Sep 25 04:51:12 UTC 2026 load 3.04 5.71 7.68
r0 pinned       KTLX20240315_000217_V06                  recast         524.437 rss=176276
r0 pinned       KTLX20240315_000217_V06                  recast-auto    662.692 rss=176272
r0 multi        KTLX20240315_000217_V06                  recast         105.683 rss=423496
r0 multi        KTLX20240315_000217_V06                  recast-auto    105.385 rss=422500
r0 rss-1thread  KTLX20240315_000217_V06                  recast         746.577 rss=97792
r0 rss-default  KTLX20240315_000217_V06                  recast         194.849 rss=213504
r0 rss-1thread  KTLX20240315_000217_V06                  recast-auto    807.386 rss=97792
r0 rss-default  KTLX20240315_000217_V06                  recast-auto    281.846 rss=202388
r0 pinned       KTLX20130520_201643_V06.gz               recast         64.604 rss=96368
r0 pinned       KTLX20130520_201643_V06.gz               recast-auto    95.055 rss=139540
r0 multi        KTLX20130520_201643_V06.gz               recast         56.611 rss=96680
r0 multi        KTLX20130520_201643_V06.gz               recast-auto    75.754 rss=139356
r0 rss-1thread  KTLX20130520_201643_V06.gz               recast         79.535 rss=55296
r0 rss-default  KTLX20130520_201643_V06.gz               recast         81.456 rss=55040
r0 rss-1thread  KTLX20130520_201643_V06.gz               recast-auto    139.12 rss=98048
r0 rss-default  KTLX20130520_201643_V06.gz               recast-auto    118.464 rss=98048
r0 pinned       TLX_N0B_20260622_0806                    recast         16.485 rss=13828
r0 pinned       TLX_N0B_20260622_0806                    recast-auto    decode_bench: no Archive II volume header: the input starts with `SDUS54 K`, not AR2V or ARCHIVE2 (model-data _MDM files rss=None
r0 multi        TLX_N0B_20260622_0806                    recast         16.32 rss=12664
r0 multi        TLX_N0B_20260622_0806                    recast-auto    decode_bench: no Archive II volume header: the input starts with `SDUS54 K`, not AR2V or ARCHIVE2 (model-data _MDM files rss=None
r0 rss-1thread  TLX_N0B_20260622_0806                    recast         16.318 rss=8856
r0 rss-default  TLX_N0B_20260622_0806                    recast         10.179 rss=8680
r0 rss-1thread  TLX_N0B_20260622_0806                    recast-auto    decode_bench: no Archive II volume header: the input starts with `SDUS54 K`, not AR2V or ARCHIVE2 (model-data _MDM files rss=None
r0 rss-default  TLX_N0B_20260622_0806                    recast-auto    decode_bench: no Archive II volume header: the input starts with `SDUS54 K`, not AR2V or ARCHIVE2 (model-data _MDM files rss=None
r0 pinned       iesha.pvol.20260305T0115.h5              recast         7.337 rss=14440
r0 pinned       iesha.pvol.20260305T0115.h5              recast-auto    7.101 rss=14348
r0 multi        iesha.pvol.20260305T0115.h5              recast         6.886 rss=14600
r0 multi        iesha.pvol.20260305T0115.h5              recast-auto    7.591 rss=14860
r0 rss-1thread  iesha.pvol.20260305T0115.h5              recast         10.602 rss=9984
r0 rss-default  iesha.pvol.20260305T0115.h5              recast         10.951 rss=9728
r0 rss-1thread  iesha.pvol.20260305T0115.h5              recast-auto    10.581 rss=9984
r0 rss-default  iesha.pvol.20260305T0115.h5              recast-auto    10.809 rss=9728
r0 pinned       cfrad.IRENE_CPOL_sweeps0-1.nc            recast         0.632 rss=10344
r0 pinned       cfrad.IRENE_CPOL_sweeps0-1.nc            recast-auto    0.559 rss=10344
r0 multi        cfrad.IRENE_CPOL_sweeps0-1.nc            recast         0.476 rss=10336
r0 multi        cfrad.IRENE_CPOL_sweeps0-1.nc            recast-auto    0.514 rss=10332
r0 rss-1thread  cfrad.IRENE_CPOL_sweeps0-1.nc            recast         4.51 rss=7724
r0 rss-default  cfrad.IRENE_CPOL_sweeps0-1.nc            recast         4.879 rss=7916
r0 rss-1thread  cfrad.IRENE_CPOL_sweeps0-1.nc            recast-auto    4.416 rss=7720
r0 rss-default  cfrad.IRENE_CPOL_sweeps0-1.nc            recast-auto    3.555 rss=7716
r0 pinned       swp.NOXP_20090501_190244_PPI             recast         0.484 rss=7120
r0 pinned       swp.NOXP_20090501_190244_PPI             recast-auto    0.395 rss=7168
r0 multi        swp.NOXP_20090501_190244_PPI             recast         0.592 rss=7164
r0 multi        swp.NOXP_20090501_190244_PPI             recast-auto    0.371 rss=7160
r0 rss-1thread  swp.NOXP_20090501_190244_PPI             recast         1.726 rss=6144
r0 rss-default  swp.NOXP_20090501_190244_PPI             recast         1.626 rss=5888
r0 rss-1thread  swp.NOXP_20090501_190244_PPI             recast-auto    1.893 rss=5888
r0 rss-default  swp.NOXP_20090501_190244_PPI             recast-auto    2.062 rss=6144
r0 pinned       JMA_N5_20191012_0900.RS47773.tar         recast         6.885 rss=64304
r0 pinned       JMA_N5_20191012_0900.RS47773.tar         recast-auto    7.118 rss=64564
r0 multi        JMA_N5_20191012_0900.RS47773.tar         recast         6.223 rss=64300
r0 multi        JMA_N5_20191012_0900.RS47773.tar         recast-auto    6.284 rss=64404
r0 rss-1thread  JMA_N5_20191012_0900.RS47773.tar         recast         21.393 rss=34560
r0 rss-default  JMA_N5_20191012_0900.RS47773.tar         recast         19.119 rss=34560
r0 rss-1thread  JMA_N5_20191012_0900.RS47773.tar         recast-auto    19.714 rss=34560
r0 rss-default  JMA_N5_20191012_0900.RS47773.tar         recast-auto    23.213 rss=34560
r0 pinned       KIWA307_chunks001-003                    recast         28.829 rss=12996
r0 pinned       KIWA307_chunks001-003                    recast-auto    28.958 rss=12724
r0 multi        KIWA307_chunks001-003                    recast         19.882 rss=28204
r0 multi        KIWA307_chunks001-003                    recast-auto    20.327 rss=26316
r0 rss-1thread  KIWA307_chunks001-003                    recast         18.317 rss=10752
r0 rss-default  KIWA307_chunks001-003                    recast         24.036 rss=14336
r0 rss-1thread  KIWA307_chunks001-003                    recast-auto    19.269 rss=10752
r0 rss-default  KIWA307_chunks001-003                    recast-auto    26.599 rss=14336
r1 pinned       KIWA307_chunks001-003                    recast-auto    28.581 rss=12980
r1 pinned       KIWA307_chunks001-003                    recast         28.028 rss=12716
r1 multi        KIWA307_chunks001-003                    recast-auto    17.629 rss=28272
r1 multi        KIWA307_chunks001-003                    recast         20.196 rss=25124
r1 pinned       JMA_N5_20191012_0900.RS47773.tar         recast-auto    6.166 rss=64308
r1 pinned       JMA_N5_20191012_0900.RS47773.tar         recast         6.59 rss=64564
r1 multi        JMA_N5_20191012_0900.RS47773.tar         recast-auto    6.129 rss=64304
r1 multi        JMA_N5_20191012_0900.RS47773.tar         recast         4.943 rss=64304
r1 pinned       swp.NOXP_20090501_190244_PPI             recast-auto    0.655 rss=7428
r1 pinned       swp.NOXP_20090501_190244_PPI             recast         0.384 rss=7428
r1 multi        swp.NOXP_20090501_190244_PPI             recast-auto    0.353 rss=7116
r1 multi        swp.NOXP_20090501_190244_PPI             recast         0.414 rss=7160
r1 pinned       cfrad.IRENE_CPOL_sweeps0-1.nc            recast-auto    0.547 rss=10340
r1 pinned       cfrad.IRENE_CPOL_sweeps0-1.nc            recast         0.648 rss=10340
r1 multi        cfrad.IRENE_CPOL_sweeps0-1.nc            recast-auto    0.384 rss=10080
r1 multi        cfrad.IRENE_CPOL_sweeps0-1.nc            recast         0.377 rss=10076
r1 pinned       iesha.pvol.20260305T0115.h5              recast-auto    9.07 rss=14484
r1 pinned       iesha.pvol.20260305T0115.h5              recast         9.067 rss=14604
r1 multi        iesha.pvol.20260305T0115.h5              recast-auto    10.343 rss=14600
r1 multi        iesha.pvol.20260305T0115.h5              recast         17.049 rss=14596
r1 pinned       TLX_N0B_20260622_0806                    recast-auto    decode_bench: no Archive II volume header: the input starts with `SDUS54 K`, not AR2V or ARCHIVE2 (model-data _MDM files rss=None
r1 pinned       TLX_N0B_20260622_0806                    recast         19.343 rss=13872
r1 multi        TLX_N0B_20260622_0806                    recast-auto    decode_bench: no Archive II volume header: the input starts with `SDUS54 K`, not AR2V or ARCHIVE2 (model-data _MDM files rss=None
r1 multi        TLX_N0B_20260622_0806                    recast         18.834 rss=12664
r1 pinned       KTLX20130520_201643_V06.gz               recast-auto    114.15 rss=139284
r1 pinned       KTLX20130520_201643_V06.gz               recast         71.887 rss=96620
r1 multi        KTLX20130520_201643_V06.gz               recast-auto    105.852 rss=139460
r1 multi        KTLX20130520_201643_V06.gz               recast         70.851 rss=96604
r1 pinned       KTLX20240315_000217_V06                  recast-auto    503.458 rss=176276
r1 pinned       KTLX20240315_000217_V06                  recast         437.978 rss=176276
r1 multi        KTLX20240315_000217_V06                  recast-auto    62.64 rss=420980
r1 multi        KTLX20240315_000217_V06                  recast         59.833 rss=417428
r2 pinned       KTLX20240315_000217_V06                  recast         351.758 rss=176532
r2 pinned       KTLX20240315_000217_V06                  recast-auto    349.304 rss=176532
r2 multi        KTLX20240315_000217_V06                  recast         52.07 rss=422364
r2 multi        KTLX20240315_000217_V06                  recast-auto    54.752 rss=412264
r2 pinned       KTLX20130520_201643_V06.gz               recast         48.715 rss=96496
r2 pinned       KTLX20130520_201643_V06.gz               recast-auto    64.296 rss=139284
r2 multi        KTLX20130520_201643_V06.gz               recast         43.031 rss=96336
r2 multi        KTLX20130520_201643_V06.gz               recast-auto    61.508 rss=139460
r2 pinned       TLX_N0B_20260622_0806                    recast         10.431 rss=13580
r2 pinned       TLX_N0B_20260622_0806                    recast-auto    decode_bench: no Archive II volume header: the input starts with `SDUS54 K`, not AR2V or ARCHIVE2 (model-data _MDM files rss=None
r2 multi        TLX_N0B_20260622_0806                    recast         11.26 rss=12404
r2 multi        TLX_N0B_20260622_0806                    recast-auto    decode_bench: no Archive II volume header: the input starts with `SDUS54 K`, not AR2V or ARCHIVE2 (model-data _MDM files rss=None
r2 pinned       iesha.pvol.20260305T0115.h5              recast         6.882 rss=14348
r2 pinned       iesha.pvol.20260305T0115.h5              recast-auto    6.537 rss=14348
r2 multi        iesha.pvol.20260305T0115.h5              recast         6.844 rss=14340
r2 multi        iesha.pvol.20260305T0115.h5              recast-auto    5.462 rss=14600
r2 pinned       cfrad.IRENE_CPOL_sweeps0-1.nc            recast         0.274 rss=10084
r2 pinned       cfrad.IRENE_CPOL_sweeps0-1.nc            recast-auto    0.249 rss=10084
r2 multi        cfrad.IRENE_CPOL_sweeps0-1.nc            recast         0.308 rss=10076
r2 multi        cfrad.IRENE_CPOL_sweeps0-1.nc            recast-auto    0.233 rss=10076
r2 pinned       swp.NOXP_20090501_190244_PPI             recast         0.237 rss=7172
r2 pinned       swp.NOXP_20090501_190244_PPI             recast-auto    0.248 rss=7172
r2 multi        swp.NOXP_20090501_190244_PPI             recast         0.237 rss=7164
r2 multi        swp.NOXP_20090501_190244_PPI             recast-auto    0.392 rss=7364
r2 pinned       JMA_N5_20191012_0900.RS47773.tar         recast         5.145 rss=64568
r2 pinned       JMA_N5_20191012_0900.RS47773.tar         recast-auto    6.013 rss=64284
r2 multi        JMA_N5_20191012_0900.RS47773.tar         recast         5.46 rss=64300
r2 multi        JMA_N5_20191012_0900.RS47773.tar         recast-auto    6.198 rss=64556
r2 pinned       KIWA307_chunks001-003                    recast         26.412 rss=12720
r2 pinned       KIWA307_chunks001-003                    recast-auto    27.721 rss=12724
r2 multi        KIWA307_chunks001-003                    recast         17.245 rss=26576
r2 multi        KIWA307_chunks001-003                    recast-auto    15.696 rss=26576
ROUTER-DONE Fri Sep 25 04:52:28 UTC 2026 load 3.16 5.11 7.31
ALLDONE
