r0 pinned       KIWA307_chunks001-003                    recast         35.595 rss=14992
r0 pinned       KIWA307_chunks001-003                    recast-f32     34.248 rss=15824
r0 pinned       KIWA307_chunks001-003                    nexrad-crate   42.786 rss=16184
r0 pinned       KIWA307_chunks001-003                    radrs          75.507 rss=131668
r0 pinned       KIWA307_chunks001-003                    pyart          69.098 rss=230920
r0 pinned       KIWA307_chunks001-003                    metpy          78.04 rss=203200
r0 pinned       KIWA307_chunks001-003                    xradar         73.717 rss=143340
r0 multi        KIWA307_chunks001-003                    recast         20.332 rss=31260
r0 multi        KIWA307_chunks001-003                    recast-f32     23.264 rss=30980
r0 multi        KIWA307_chunks001-003                    nexrad-crate   35.329 rss=17268
r0 multi        KIWA307_chunks001-003                    radrs          76.405 rss=135072
r0 multi        KIWA307_chunks001-003                    pyart          78.371 rss=234736
r0 multi        KIWA307_chunks001-003                    metpy          94.166 rss=206548
r0 multi        KIWA307_chunks001-003                    xradar         140.416 rss=146992
r0 rss-1thread  KIWA307_chunks001-003                    recast         48.114 rss=12144
r0 rss-default  KIWA307_chunks001-003                    recast         84.878 rss=12888
r0 rss-1thread  KIWA307_chunks001-003                    recast-f32     80.868 rss=13876
r0 rss-default  KIWA307_chunks001-003                    recast-f32     85.599 rss=17040
r0 rss-1thread  KIWA307_chunks001-003                    nexrad-crate   41.588 rss=10744
r0 rss-default  KIWA307_chunks001-003                    nexrad-crate   33.254 rss=11528
r0 rss-1thread  KIWA307_chunks001-003                    radrs          752.26 rss=129740
r0 rss-1thread  KIWA307_chunks001-003                    pyart          64.363 rss=230096
r0 rss-1thread  KIWA307_chunks001-003                    metpy          74.021 rss=202884
r0 rss-1thread  KIWA307_chunks001-003                    xradar         76.773 rss=141544
r0 pinned       KIWA307_chunks001-035                    recast         250.508 rss=70448
r0 pinned       KIWA307_chunks001-035                    recast-f32     284.655 rss=70656
r0 pinned       KIWA307_chunks001-035                    nexrad-crate   526.87 rss=77528
r0 pinned       KIWA307_chunks001-035                    radrs          649.334 rss=255016
r0 pinned       KIWA307_chunks001-035                    pyart          1043.385 rss=574148
r0 pinned       KIWA307_chunks001-035                    metpy          991.203 rss=410840
r0 pinned       KIWA307_chunks001-035                    xradar         2217.112 rss=695456
r0 multi        KIWA307_chunks001-035                    recast         53.551 rss=220316
r0 multi        KIWA307_chunks001-035                    recast-f32     83.221 rss=220160
r0 multi        KIWA307_chunks001-035                    nexrad-crate   112.62 rss=119960
r0 multi        KIWA307_chunks001-035                    radrs          226.878 rss=265076
r0 multi        KIWA307_chunks001-035                    pyart          1259.135 rss=570284
r0 multi        KIWA307_chunks001-035                    metpy          1313.036 rss=414768
r0 multi        KIWA307_chunks001-035                    xradar         2506.841 rss=701020
r0 rss-1thread  KIWA307_chunks001-035                    recast         251.965 rss=43428
r0 rss-default  KIWA307_chunks001-035                    recast         77.384 rss=114796
r0 rss-1thread  KIWA307_chunks001-035                    recast-f32     298.286 rss=43336
r0 rss-default  KIWA307_chunks001-035                    recast-f32     109.992 rss=123376
r0 rss-1thread  KIWA307_chunks001-035                    nexrad-crate   513.127 rss=44584
r0 rss-default  KIWA307_chunks001-035                    nexrad-crate   88.057 rss=61028
r0 rss-1thread  KIWA307_chunks001-035                    radrs          1332.998 rss=251600
r0 rss-1thread  KIWA307_chunks001-035                    pyart          1108.316 rss=574392
r0 rss-1thread  KIWA307_chunks001-035                    metpy          1006.902 rss=410160
r0 rss-1thread  KIWA307_chunks001-035                    xradar         2595.567 rss=441140
r1 pinned       KIWA307_chunks001-035                    recast-f32     362.118 rss=70704
r1 pinned       KIWA307_chunks001-035                    nexrad-crate   555.396 rss=77496
r1 pinned       KIWA307_chunks001-035                    radrs          723.614 rss=254544
r1 pinned       KIWA307_chunks001-035                    pyart          1107.373 rss=566676
r1 pinned       KIWA307_chunks001-035                    metpy          1020.91 rss=411108
r1 pinned       KIWA307_chunks001-035                    xradar         2084.285 rss=695188
r1 pinned       KIWA307_chunks001-035                    recast         278.3 rss=70428
r1 multi        KIWA307_chunks001-035                    recast-f32     121.592 rss=217560
r1 multi        KIWA307_chunks001-035                    nexrad-crate   125.308 rss=116768
r1 multi        KIWA307_chunks001-035                    radrs          335.261 rss=266876
r1 multi        KIWA307_chunks001-035                    pyart          1437.512 rss=570704
r1 multi        KIWA307_chunks001-035                    metpy          1171.554 rss=414924
r1 multi        KIWA307_chunks001-035                    xradar         2805.291 rss=697728
r1 multi        KIWA307_chunks001-035                    recast         43.562 rss=212312
r1 pinned       KIWA307_chunks001-003                    recast-f32     24.278 rss=15828
r1 pinned       KIWA307_chunks001-003                    nexrad-crate   44.562 rss=15600
r1 pinned       KIWA307_chunks001-003                    radrs          62.33 rss=132188
r1 pinned       KIWA307_chunks001-003                    pyart          64.294 rss=231032
r1 pinned       KIWA307_chunks001-003                    metpy          72.916 rss=203004
r1 pinned       KIWA307_chunks001-003                    xradar         87.26 rss=143448
r1 pinned       KIWA307_chunks001-003                    recast         26.325 rss=14484
r1 multi        KIWA307_chunks001-003                    recast-f32     20.226 rss=29228
r1 multi        KIWA307_chunks001-003                    nexrad-crate   27.032 rss=17756
r1 multi        KIWA307_chunks001-003                    radrs          66.179 rss=134732
r1 multi        KIWA307_chunks001-003                    pyart          72.001 rss=235096
r1 multi        KIWA307_chunks001-003                    metpy          73.079 rss=206796
r1 multi        KIWA307_chunks001-003                    xradar         66.31 rss=146776
r1 multi        KIWA307_chunks001-003                    recast         12.866 rss=39560
r2 pinned       KIWA307_chunks001-003                    nexrad-crate   39.593 rss=15504
r2 pinned       KIWA307_chunks001-003                    radrs          67.688 rss=132064
r2 pinned       KIWA307_chunks001-003                    pyart          64.198 rss=231096
r2 pinned       KIWA307_chunks001-003                    metpy          76.388 rss=203760
r2 pinned       KIWA307_chunks001-003                    xradar         66.17 rss=143520
r2 pinned       KIWA307_chunks001-003                    recast         24.062 rss=14480
r2 pinned       KIWA307_chunks001-003                    recast-f32     25.645 rss=15868
r2 multi        KIWA307_chunks001-003                    nexrad-crate   45.124 rss=17704
r2 multi        KIWA307_chunks001-003                    radrs          63.102 rss=134996
r2 multi        KIWA307_chunks001-003                    pyart          82.778 rss=234612
r2 multi        KIWA307_chunks001-003                    metpy          82.551 rss=206092
r2 multi        KIWA307_chunks001-003                    xradar         65.579 rss=146800
r2 multi        KIWA307_chunks001-003                    recast         19.769 rss=31464
r2 multi        KIWA307_chunks001-003                    recast-f32     20.137 rss=29176
r2 pinned       KIWA307_chunks001-035                    nexrad-crate   537.673 rss=77592
r2 pinned       KIWA307_chunks001-035                    radrs          786.964 rss=255656
r2 pinned       KIWA307_chunks001-035                    pyart          1295.864 rss=566760
r2 pinned       KIWA307_chunks001-035                    metpy          1104.488 rss=411076
r2 pinned       KIWA307_chunks001-035                    xradar         2371.543 rss=694280
r2 pinned       KIWA307_chunks001-035                    recast         354.288 rss=70444
r2 pinned       KIWA307_chunks001-035                    recast-f32     420.608 rss=70664
r2 multi        KIWA307_chunks001-035                    nexrad-crate   152.547 rss=126388
r2 multi        KIWA307_chunks001-035                    radrs          199.758 rss=264740
r2 multi        KIWA307_chunks001-035                    pyart          1216.703 rss=570492
r2 multi        KIWA307_chunks001-035                    metpy          1261.935 rss=415132
r2 multi        KIWA307_chunks001-035                    xradar         2516.803 rss=698196
r2 multi        KIWA307_chunks001-035                    recast         92.368 rss=213168
r2 multi        KIWA307_chunks001-035                    recast-f32     113.697 rss=221416
CHUNKS-DONE
r0 pinned       KTLX20240315_000217_V06                  recast         457.694 rss=177860
r0 pinned       KTLX20240315_000217_V06                  recast-auto    402.949 rss=178040
r0 multi        KTLX20240315_000217_V06                  recast         81.53 rss=349696
r0 multi        KTLX20240315_000217_V06                  recast-auto    117.239 rss=339536
r0 rss-1thread  KTLX20240315_000217_V06                  recast         677.632 rss=98752
r0 rss-default  KTLX20240315_000217_V06                  recast         126.769 rss=214060
r0 rss-1thread  KTLX20240315_000217_V06                  recast-auto    511.99 rss=98740
r0 rss-default  KTLX20240315_000217_V06                  recast-auto    199.659 rss=211632
r0 pinned       KTLX20130520_201643_V06.gz               recast         61.203 rss=98164
r0 pinned       KTLX20130520_201643_V06.gz               recast-auto    79.246 rss=140880
r0 multi        KTLX20130520_201643_V06.gz               recast         66.62 rss=98088
r0 multi        KTLX20130520_201643_V06.gz               recast-auto    110.057 rss=140796
r0 rss-1thread  KTLX20130520_201643_V06.gz               recast         58.674 rss=56208
r0 rss-default  KTLX20130520_201643_V06.gz               recast         70.814 rss=56188
r0 rss-1thread  KTLX20130520_201643_V06.gz               recast-auto    82.29 rss=98996
r0 rss-default  KTLX20130520_201643_V06.gz               recast-auto    86.221 rss=98956
r0 pinned       TLX_N0B_20260622_0806                    recast         11.119 rss=11404
r0 pinned       TLX_N0B_20260622_0806                    recast-auto    decode_bench: no Archive II volume header: the input starts with `SDUS54 K`, not AR2V or ARCHIVE2 (model-data _MDM files rss=None
r0 multi        TLX_N0B_20260622_0806                    recast         12.999 rss=11344
r0 multi        TLX_N0B_20260622_0806                    recast-auto    decode_bench: no Archive II volume header: the input starts with `SDUS54 K`, not AR2V or ARCHIVE2 (model-data _MDM files rss=None
r0 rss-1thread  TLX_N0B_20260622_0806                    recast         15.888 rss=10028
r0 rss-default  TLX_N0B_20260622_0806                    recast         16.324 rss=10012
r0 rss-1thread  TLX_N0B_20260622_0806                    recast-auto    decode_bench: no Archive II volume header: the input starts with `SDUS54 K`, not AR2V or ARCHIVE2 (model-data _MDM files rss=None
r0 rss-default  TLX_N0B_20260622_0806                    recast-auto    decode_bench: no Archive II volume header: the input starts with `SDUS54 K`, not AR2V or ARCHIVE2 (model-data _MDM files rss=None
r0 pinned       iesha.pvol.20260305T0115.h5              recast         9.034 rss=15884
r0 pinned       iesha.pvol.20260305T0115.h5              recast-auto    8.854 rss=15904
r0 multi        iesha.pvol.20260305T0115.h5              recast         16.139 rss=15904
r0 multi        iesha.pvol.20260305T0115.h5              recast-auto    10.522 rss=15880
r0 rss-1thread  iesha.pvol.20260305T0115.h5              recast         12.681 rss=10864
r0 rss-default  iesha.pvol.20260305T0115.h5              recast         15.517 rss=10932
r0 rss-1thread  iesha.pvol.20260305T0115.h5              recast-auto    12.419 rss=10864
r0 rss-default  iesha.pvol.20260305T0115.h5              recast-auto    13.402 rss=10900
r0 pinned       cfrad.IRENE_CPOL_sweeps0-1.nc            recast         2.394 rss=10804
r0 pinned       cfrad.IRENE_CPOL_sweeps0-1.nc            recast-auto    2.41 rss=11172
r0 multi        cfrad.IRENE_CPOL_sweeps0-1.nc            recast         2.238 rss=10748
r0 multi        cfrad.IRENE_CPOL_sweeps0-1.nc            recast-auto    2.544 rss=11152
r0 rss-1thread  cfrad.IRENE_CPOL_sweeps0-1.nc            recast         2.908 rss=8692
r0 rss-default  cfrad.IRENE_CPOL_sweeps0-1.nc            recast         2.056 rss=8684
r0 rss-1thread  cfrad.IRENE_CPOL_sweeps0-1.nc            recast-auto    2.808 rss=8700
r0 rss-default  cfrad.IRENE_CPOL_sweeps0-1.nc            recast-auto    2.409 rss=8688
r0 pinned       swp.NOXP_20090501_190244_PPI             recast         1.319 rss=8004
r0 pinned       swp.NOXP_20090501_190244_PPI             recast-auto    1.382 rss=7816
r0 multi        swp.NOXP_20090501_190244_PPI             recast         2.705 rss=7852
r0 multi        swp.NOXP_20090501_190244_PPI             recast-auto    1.401 rss=8008
r0 rss-1thread  swp.NOXP_20090501_190244_PPI             recast         1.929 rss=6584
r0 rss-default  swp.NOXP_20090501_190244_PPI             recast         1.692 rss=6572
r0 rss-1thread  swp.NOXP_20090501_190244_PPI             recast-auto    1.771 rss=6592
r0 rss-default  swp.NOXP_20090501_190244_PPI             recast-auto    2.664 rss=6580
r0 pinned       JMA_N5_20191012_0900.RS47773.tar         recast         13.78 rss=66016
r0 pinned       JMA_N5_20191012_0900.RS47773.tar         recast-auto    13.352 rss=66012
r0 multi        JMA_N5_20191012_0900.RS47773.tar         recast         18.672 rss=65864
r0 multi        JMA_N5_20191012_0900.RS47773.tar         recast-auto    15.514 rss=65916
r0 rss-1thread  JMA_N5_20191012_0900.RS47773.tar         recast         15.107 rss=35824
r0 rss-default  JMA_N5_20191012_0900.RS47773.tar         recast         14.707 rss=35804
r0 rss-1thread  JMA_N5_20191012_0900.RS47773.tar         recast-auto    14.24 rss=35820
r0 rss-default  JMA_N5_20191012_0900.RS47773.tar         recast-auto    15.69 rss=35796
r0 pinned       KIWA307_chunks001-003                    recast         19.518 rss=14512
r0 pinned       KIWA307_chunks001-003                    recast-auto    20.052 rss=14516
r0 multi        KIWA307_chunks001-003                    recast         16.13 rss=39460
r0 multi        KIWA307_chunks001-003                    recast-auto    14.719 rss=42592
r0 rss-1thread  KIWA307_chunks001-003                    recast         24.669 rss=12276
r0 rss-default  KIWA307_chunks001-003                    recast         22.098 rss=15768
r0 rss-1thread  KIWA307_chunks001-003                    recast-auto    22.614 rss=12168
r0 rss-default  KIWA307_chunks001-003                    recast-auto    21.863 rss=15552
r1 pinned       KIWA307_chunks001-003                    recast-auto    18.611 rss=14428
r1 pinned       KIWA307_chunks001-003                    recast         19.26 rss=14524
r1 multi        KIWA307_chunks001-003                    recast-auto    19.509 rss=41104
r1 multi        KIWA307_chunks001-003                    recast         17.007 rss=41048
r1 pinned       JMA_N5_20191012_0900.RS47773.tar         recast-auto    15.449 rss=66012
r1 pinned       JMA_N5_20191012_0900.RS47773.tar         recast         14.025 rss=66008
r1 multi        JMA_N5_20191012_0900.RS47773.tar         recast-auto    30.618 rss=65960
r1 multi        JMA_N5_20191012_0900.RS47773.tar         recast         17.766 rss=65984
r1 pinned       swp.NOXP_20090501_190244_PPI             recast-auto    1.444 rss=7816
r1 pinned       swp.NOXP_20090501_190244_PPI             recast         1.335 rss=7828
r1 multi        swp.NOXP_20090501_190244_PPI             recast-auto    1.73 rss=8120
r1 multi        swp.NOXP_20090501_190244_PPI             recast         1.35 rss=7968
r1 pinned       cfrad.IRENE_CPOL_sweeps0-1.nc            recast-auto    2.319 rss=11172
r1 pinned       cfrad.IRENE_CPOL_sweeps0-1.nc            recast         2.529 rss=11172
r1 multi        cfrad.IRENE_CPOL_sweeps0-1.nc            recast-auto    2.666 rss=11144
r1 multi        cfrad.IRENE_CPOL_sweeps0-1.nc            recast         2.47 rss=10748
r1 pinned       iesha.pvol.20260305T0115.h5              recast-auto    9.326 rss=15904
r1 pinned       iesha.pvol.20260305T0115.h5              recast         9.375 rss=15904
r1 multi        iesha.pvol.20260305T0115.h5              recast-auto    11.574 rss=16148
r1 multi        iesha.pvol.20260305T0115.h5              recast         10.952 rss=15928
r1 pinned       TLX_N0B_20260622_0806                    recast-auto    decode_bench: no Archive II volume header: the input starts with `SDUS54 K`, not AR2V or ARCHIVE2 (model-data _MDM files rss=None
r1 pinned       TLX_N0B_20260622_0806                    recast         12.45 rss=11460
r1 multi        TLX_N0B_20260622_0806                    recast-auto    decode_bench: no Archive II volume header: the input starts with `SDUS54 K`, not AR2V or ARCHIVE2 (model-data _MDM files rss=None
r1 multi        TLX_N0B_20260622_0806                    recast         18.186 rss=11440
r1 pinned       KTLX20130520_201643_V06.gz               recast-auto    79.376 rss=140908
r1 pinned       KTLX20130520_201643_V06.gz               recast         56.522 rss=98100
r1 multi        KTLX20130520_201643_V06.gz               recast-auto    101.572 rss=140828
r1 multi        KTLX20130520_201643_V06.gz               recast         96.716 rss=98128
r1 pinned       KTLX20240315_000217_V06                  recast-auto    388.821 rss=177852
r1 pinned       KTLX20240315_000217_V06                  recast         397.136 rss=177852
r1 multi        KTLX20240315_000217_V06                  recast-auto    85.4 rss=345692
r1 multi        KTLX20240315_000217_V06                  recast         97.528 rss=345016
r2 pinned       KTLX20240315_000217_V06                  recast         400.925 rss=177904
r2 pinned       KTLX20240315_000217_V06                  recast-auto    386.938 rss=177892
r2 multi        KTLX20240315_000217_V06                  recast         101.705 rss=347852
r2 multi        KTLX20240315_000217_V06                  recast-auto    111.712 rss=345632
r2 pinned       KTLX20130520_201643_V06.gz               recast         57.969 rss=98112
r2 pinned       KTLX20130520_201643_V06.gz               recast-auto    78.057 rss=140888
r2 multi        KTLX20130520_201643_V06.gz               recast         86.058 rss=98088
r2 multi        KTLX20130520_201643_V06.gz               recast-auto    101.036 rss=140828
r2 pinned       TLX_N0B_20260622_0806                    recast         12.169 rss=11432
r2 pinned       TLX_N0B_20260622_0806                    recast-auto    decode_bench: no Archive II volume header: the input starts with `SDUS54 K`, not AR2V or ARCHIVE2 (model-data _MDM files rss=None
r2 multi        TLX_N0B_20260622_0806                    recast         15.376 rss=11400
r2 multi        TLX_N0B_20260622_0806                    recast-auto    decode_bench: no Archive II volume header: the input starts with `SDUS54 K`, not AR2V or ARCHIVE2 (model-data _MDM files rss=None
r2 pinned       iesha.pvol.20260305T0115.h5              recast         9.056 rss=16044
r2 pinned       iesha.pvol.20260305T0115.h5              recast-auto    9.046 rss=15904
r2 multi        iesha.pvol.20260305T0115.h5              recast         9.628 rss=15960
r2 multi        iesha.pvol.20260305T0115.h5              recast-auto    12.059 rss=15928
r2 pinned       cfrad.IRENE_CPOL_sweeps0-1.nc            recast         2.502 rss=11172
r2 pinned       cfrad.IRENE_CPOL_sweeps0-1.nc            recast-auto    2.717 rss=11172
r2 multi        cfrad.IRENE_CPOL_sweeps0-1.nc            recast         2.274 rss=11152
r2 multi        cfrad.IRENE_CPOL_sweeps0-1.nc            recast-auto    2.143 rss=11156
r2 pinned       swp.NOXP_20090501_190244_PPI             recast         1.284 rss=7816
r2 pinned       swp.NOXP_20090501_190244_PPI             recast-auto    1.303 rss=7816
r2 multi        swp.NOXP_20090501_190244_PPI             recast         1.443 rss=7832
r2 multi        swp.NOXP_20090501_190244_PPI             recast-auto    1.446 rss=7964
r2 pinned       JMA_N5_20191012_0900.RS47773.tar         recast         13.943 rss=66048
r2 pinned       JMA_N5_20191012_0900.RS47773.tar         recast-auto    14.686 rss=66020
r2 multi        JMA_N5_20191012_0900.RS47773.tar         recast         15.282 rss=65888
r2 multi        JMA_N5_20191012_0900.RS47773.tar         recast-auto    15.758 rss=65908
r2 pinned       KIWA307_chunks001-003                    recast         20.075 rss=14536
r2 pinned       KIWA307_chunks001-003                    recast-auto    19.753 rss=14608
r2 multi        KIWA307_chunks001-003                    recast         16.125 rss=42748
r2 multi        KIWA307_chunks001-003                    recast-auto    14.041 rss=27596
WINDONE
